<html>
<body>
<pre>
<h1>µVision Build Log</h1>
<h2>Tool Versions:</h2>
IDE-Version: ¦ÌVision V5.36.0.0
Copyright (C) 2021 ARM Ltd and ARM Germany GmbH. All rights reserved.
License Information: 123 Administrator, 123, LIC=DSNXV-PHCJB-IN1A7-E1XSH-X1RVV-3IP1T
 
Tool Versions:
Toolchain:       MDK-ARM Professional  Version: 5.36.0.0
Toolchain Path:  C:\Keil_v5\ARM\ARMCC\Bin
C Compiler:      Armcc.exe V5.06 update 7 (build 960)
Assembler:       Armasm.exe V5.06 update 7 (build 960)
Linker/Locator:  ArmLink.exe V5.06 update 7 (build 960)
Library Manager: ArmAr.exe V5.06 update 7 (build 960)
Hex Converter:   FromElf.exe V5.06 update 7 (build 960)
CPU DLL:         SARMCM3.DLL V5.36.0.0
Dialog DLL:      DCM.DLL V1.17.3.0
Target DLL:      Segger\JL2CM3.dll V2.99.40.0
Dialog DLL:      TCM.DLL V1.53.0.0
 
<h2>Project:</h2>
D:\BaiduSyncdisk\Work\082\Template\MDK-ARM\429_Tempalte.uvprojx
Project File Date:  02/18/2024

<h2>Output:</h2>
*** Using Compiler 'V5.06 update 7 (build 960)', folder: 'C:\Keil_v5\ARM\ARMCC\Bin'
Build target '429_Tempalte'
Note: source file '../Middlewares/Third_Party/LwIP/src/core/udp.c' - object file renamed from '429_Tempalte\udp.o' to '429_Tempalte\udp_1.o'.
compiling freertos.c...
../LWIP/App/app_udp.h(24): warning:  #1-D: last line of file ends without a newline
  #endif
../Middlewares/GX/gx_config.h(40): warning:  #1-D: last line of file ends without a newline
  #endif
../Middlewares/GX/gx_config.h(40): warning:  #1-D: last line of file ends without a newline
  #endif
../Middlewares/GX/gx_aa55_frame.h(62): warning:  #1-D: last line of file ends without a newline
  #endif
../Middlewares/GX/gx_can_typedef.h(321): warning:  #1-D: last line of file ends without a newline
  #endif
../Middlewares/GX/gx_can_frame.h(37): warning:  #1-D: last line of file ends without a newline
  #endif
../Core/Src/freertos.c: 6 warnings, 0 errors
linking...
Program Size: Code=143484 RO-data=2996 RW-data=1148 ZI-data=161228  
FromELF: creating hex file...
"429_Tempalte\429_Tempalte.axf" - 0 Error(s), 6 Warning(s).

<h2>Software Packages used:</h2>

Package Vendor: Keil
                https://www.keil.com/pack/Keil.STM32F4xx_DFP.2.17.1.pack
                Keil.STM32F4xx_DFP.2.17.1
                STMicroelectronics STM32F4 Series Device Support, Drivers and Examples

<h2>Collection of Component include folders:</h2>
  C:\Users\Administrator\AppData\Local\Arm\Packs\Keil\STM32F4xx_DFP\2.17.1\Drivers\CMSIS\Device\ST\STM32F4xx\Include

<h2>Collection of Component Files used:</h2>
Build Time Elapsed:  00:00:06
</pre>
</body>
</html>
