Component: ARM Compiler 5.06 update 7 (build 960) Tool: armlink [4d3601]

==============================================================================

Section Cross References

    startup_stm32f429xx.o(RESET) refers to startup_stm32f429xx.o(STACK) for __initial_sp
    startup_stm32f429xx.o(RESET) refers to startup_stm32f429xx.o(.text) for Reset_Handler
    startup_stm32f429xx.o(RESET) refers to stm32f4xx_it.o(i.NMI_Handler) for NMI_Handler
    startup_stm32f429xx.o(RESET) refers to stm32f4xx_it.o(i.HardFault_Handler) for HardFault_Handler
    startup_stm32f429xx.o(RESET) refers to stm32f4xx_it.o(i.MemManage_Handler) for MemManage_Handler
    startup_stm32f429xx.o(RESET) refers to stm32f4xx_it.o(i.BusFault_Handler) for BusFault_Handler
    startup_stm32f429xx.o(RESET) refers to stm32f4xx_it.o(i.UsageFault_Handler) for UsageFault_Handler
    startup_stm32f429xx.o(RESET) refers to port.o(.emb_text) for SVC_Handler
    startup_stm32f429xx.o(RESET) refers to stm32f4xx_it.o(i.DebugMon_Handler) for DebugMon_Handler
    startup_stm32f429xx.o(RESET) refers to port.o(i.SysTick_Handler) for SysTick_Handler
    startup_stm32f429xx.o(RESET) refers to stm32f4xx_it.o(i.DMA1_Stream1_IRQHandler) for DMA1_Stream1_IRQHandler
    startup_stm32f429xx.o(RESET) refers to stm32f4xx_it.o(i.DMA1_Stream2_IRQHandler) for DMA1_Stream2_IRQHandler
    startup_stm32f429xx.o(RESET) refers to stm32f4xx_it.o(i.DMA1_Stream3_IRQHandler) for DMA1_Stream3_IRQHandler
    startup_stm32f429xx.o(RESET) refers to stm32f4xx_it.o(i.DMA1_Stream4_IRQHandler) for DMA1_Stream4_IRQHandler
    startup_stm32f429xx.o(RESET) refers to stm32f4xx_it.o(i.DMA1_Stream5_IRQHandler) for DMA1_Stream5_IRQHandler
    startup_stm32f429xx.o(RESET) refers to stm32f4xx_it.o(i.DMA1_Stream6_IRQHandler) for DMA1_Stream6_IRQHandler
    startup_stm32f429xx.o(RESET) refers to stm32f4xx_it.o(i.CAN1_RX0_IRQHandler) for CAN1_RX0_IRQHandler
    startup_stm32f429xx.o(RESET) refers to stm32f4xx_it.o(i.TIM1_UP_TIM10_IRQHandler) for TIM1_UP_TIM10_IRQHandler
    startup_stm32f429xx.o(RESET) refers to stm32f4xx_it.o(i.USART1_IRQHandler) for USART1_IRQHandler
    startup_stm32f429xx.o(RESET) refers to stm32f4xx_it.o(i.USART2_IRQHandler) for USART2_IRQHandler
    startup_stm32f429xx.o(RESET) refers to stm32f4xx_it.o(i.USART3_IRQHandler) for USART3_IRQHandler
    startup_stm32f429xx.o(RESET) refers to stm32f4xx_it.o(i.DMA1_Stream7_IRQHandler) for DMA1_Stream7_IRQHandler
    startup_stm32f429xx.o(RESET) refers to stm32f4xx_it.o(i.UART4_IRQHandler) for UART4_IRQHandler
    startup_stm32f429xx.o(RESET) refers to stm32f4xx_it.o(i.UART5_IRQHandler) for UART5_IRQHandler
    startup_stm32f429xx.o(RESET) refers to stm32f4xx_it.o(i.DMA2_Stream1_IRQHandler) for DMA2_Stream1_IRQHandler
    startup_stm32f429xx.o(RESET) refers to stm32f4xx_it.o(i.DMA2_Stream2_IRQHandler) for DMA2_Stream2_IRQHandler
    startup_stm32f429xx.o(RESET) refers to stm32f4xx_it.o(i.ETH_IRQHandler) for ETH_IRQHandler
    startup_stm32f429xx.o(RESET) refers to stm32f4xx_it.o(i.CAN2_RX0_IRQHandler) for CAN2_RX0_IRQHandler
    startup_stm32f429xx.o(RESET) refers to stm32f4xx_it.o(i.OTG_FS_IRQHandler) for OTG_FS_IRQHandler
    startup_stm32f429xx.o(RESET) refers to stm32f4xx_it.o(i.DMA2_Stream6_IRQHandler) for DMA2_Stream6_IRQHandler
    startup_stm32f429xx.o(RESET) refers to stm32f4xx_it.o(i.DMA2_Stream7_IRQHandler) for DMA2_Stream7_IRQHandler
    startup_stm32f429xx.o(RESET) refers to stm32f4xx_it.o(i.USART6_IRQHandler) for USART6_IRQHandler
    startup_stm32f429xx.o(RESET) refers to stm32f4xx_it.o(i.FPU_IRQHandler) for FPU_IRQHandler
    startup_stm32f429xx.o(RESET) refers to stm32f4xx_it.o(i.UART7_IRQHandler) for UART7_IRQHandler
    startup_stm32f429xx.o(RESET) refers to stm32f4xx_it.o(i.UART8_IRQHandler) for UART8_IRQHandler
    startup_stm32f429xx.o(.text) refers to system_stm32f4xx.o(i.SystemInit) for SystemInit
    startup_stm32f429xx.o(.text) refers to entry.o(.ARM.Collect$$$$00000000) for __main
    main.o(i.Error_Handler) refers to usbd_cdc_if.o(i.usbprintf) for usbprintf
    main.o(i.HAL_TIM_PeriodElapsedCallback) refers to stm32f4xx_hal.o(i.HAL_IncTick) for HAL_IncTick
    main.o(i.SystemClock_Config) refers to memseta.o(.text) for __aeabi_memclr4
    main.o(i.SystemClock_Config) refers to stm32f4xx_hal_rcc.o(i.HAL_RCC_OscConfig) for HAL_RCC_OscConfig
    main.o(i.SystemClock_Config) refers to main.o(i.Error_Handler) for Error_Handler
    main.o(i.SystemClock_Config) refers to stm32f4xx_hal_rcc.o(i.HAL_RCC_ClockConfig) for HAL_RCC_ClockConfig
    main.o(i.main) refers to stm32f4xx_hal.o(i.HAL_Init) for HAL_Init
    main.o(i.main) refers to main.o(i.SystemClock_Config) for SystemClock_Config
    main.o(i.main) refers to gpio.o(i.MX_GPIO_Init) for MX_GPIO_Init
    main.o(i.main) refers to dma.o(i.MX_DMA_Init) for MX_DMA_Init
    main.o(i.main) refers to can.o(i.MX_CAN1_Init) for MX_CAN1_Init
    main.o(i.main) refers to can.o(i.MX_CAN2_Init) for MX_CAN2_Init
[...]
    0x08007ca8   0x08007ca8   0x00000014   Code   RO         6208    i.SystemInit        system_stm32f4xx.o
    0x08007cbc   0x08007cbc   0x00000010   Code   RO          848    i.TIM1_UP_TIM10_IRQHandler  stm32f4xx_it.o
    0x08007ccc   0x08007ccc   0x000000d8   Code   RO         4951    i.TIM_Base_SetConfig  stm32f4xx_hal_tim.o
    0x08007da4   0x08007da4   0x00000010   Code   RO          849    i.UART4_IRQHandler  stm32f4xx_it.o
    0x08007db4   0x08007db4   0x00000010   Code   RO          850    i.UART5_IRQHandler  stm32f4xx_it.o
    0x08007dc4   0x08007dc4   0x00000010   Code   RO          851    i.UART7_IRQHandler  stm32f4xx_it.o
    0x08007dd4   0x08007dd4   0x00000010   Code   RO          852    i.UART8_IRQHandler  stm32f4xx_it.o
    0x08007de4   0x08007de4   0x00000014   Code   RO         5882    i.UART_DMAAbortOnError  stm32f4xx_hal_uart.o
    0x08007df8   0x08007df8   0x00000050   Code   RO         5883    i.UART_DMAError     stm32f4xx_hal_uart.o
    0x08007e48   0x08007e48   0x000000b0   Code   RO         5884    i.UART_DMAReceiveCplt  stm32f4xx_hal_uart.o
    0x08007ef8   0x08007ef8   0x00000020   Code   RO         5886    i.UART_DMARxHalfCplt  stm32f4xx_hal_uart.o
    0x08007f18   0x08007f18   0x0000006c   Code   RO         5892    i.UART_EndRxTransfer  stm32f4xx_hal_uart.o
    0x08007f84   0x08007f84   0x00000020   Code   RO         5893    i.UART_EndTransmit_IT  stm32f4xx_hal_uart.o
    0x08007fa4   0x08007fa4   0x00000026   Code   RO         5894    i.UART_EndTxTransfer  stm32f4xx_hal_uart.o
    0x08007fca   0x08007fca   0x000000f8   Code   RO         5895    i.UART_Receive_IT   stm32f4xx_hal_uart.o
    0x080080c2   0x080080c2   0x00000002   PAD
    0x080080c4   0x080080c4   0x0000022c   Code   RO         5896    i.UART_SetConfig    stm32f4xx_hal_uart.o
    0x080082f0   0x080082f0   0x000000d0   Code   RO         5897    i.UART_Start_Receive_DMA  stm32f4xx_hal_uart.o
    0x080083c0   0x080083c0   0x00000060   Code   RO         5899    i.UART_Transmit_IT  stm32f4xx_hal_uart.o
    0x08008420   0x08008420   0x00000120   Code   RO        13509    i.UART_UNION_Init   nc60_com.o
    0x08008540   0x08008540   0x00000010   Code   RO          853    i.USART1_IRQHandler  stm32f4xx_it.o
    0x08008550   0x08008550   0x00000010   Code   RO          854    i.USART2_IRQHandler  stm32f4xx_it.o
    0x08008560   0x08008560   0x00000010   Code   RO          855    i.USART3_IRQHandler  stm32f4xx_it.o
    0x08008570   0x08008570   0x00000010   Code   RO          856    i.USART6_IRQHandler  stm32f4xx_it.o
    0x08008580   0x08008580   0x000000c4   Code   RO        12627    i.USBD_CDC_DataIn   usbd_cdc.o
    0x08008644   0x08008644   0x00000048   Code   RO        12628    i.USBD_CDC_DataOut  usbd_cdc.o
    0x0800868c   0x0800868c   0x000000d4   Code   RO        12629    i.USBD_CDC_DeInit   usbd_cdc.o
    0x08008760   0x08008760   0x00000050   Code   RO        12630    i.USBD_CDC_EP0_RxReady  usbd_cdc.o
    0x080087b0   0x080087b0   0x00000010   Code   RO        12631    i.USBD_CDC_GetDeviceQualifierDescriptor  usbd_cdc.o
    0x080087c0   0x080087c0   0x00000044   Code   RO        12632    i.USBD_CDC_GetFSCfgDesc  usbd_cdc.o
    0x08008804   0x08008804   0x00000048   Code   RO        12633    i.USBD_CDC_GetHSCfgDesc  usbd_cdc.o
    0x0800884c   0x0800884c   0x00000044   Code   RO        12634    i.USBD_CDC_GetOtherSpeedCfgDesc  usbd_cdc.o
    0x08008890   0x08008890   0x000001a0   Code   RO        12635    i.USBD_CDC_Init     usbd_cdc.o
    0x08008a30   0x08008a30   0x00000050   Code   RO        12636    i.USBD_CDC_ReceivePacket  usbd_cdc.o
    0x08008a80   0x08008a80   0x00000018   Code   RO        12637    i.USBD_CDC_RegisterInterface  usbd_cdc.o
    0x08008a98   0x08008a98   0x0000001e   Code   RO        12638    i.USBD_CDC_SetRxBuffer  usbd_cdc.o
    0x08008ab6   0x08008ab6   0x00000024   Code   RO        12639    i.USBD_CDC_SetTxBuffer  usbd_cdc.o
    0x08008ada   0x08008ada   0x00000140   Code   RO        12640    i.USBD_CDC_Setup    usbd_cdc.o
    0x08008c1a   0x08008c1a   0x00000002   PAD
    0x08008c1c   0x08008c1c   0x00000064   Code   RO        12641    i.USBD_CDC_TransmitPacket  usbd_cdc.o
    0x08008c80   0x08008c80   0x0000001c   Code   RO        12302    i.USBD_ClrClassConfig  usbd_core.o
    0x08008c9c   0x08008c9c   0x0000003e   Code   RO        12465    i.USBD_ClrFeature   usbd_ctlreq.o
    0x08008cda   0x08008cda   0x00000006   Code   RO        12303    i.USBD_CoreFindEP   usbd_core.o
    0x08008ce0   0x08008ce0   0x00000006   Code   RO        12304    i.USBD_CoreFindIF   usbd_core.o
    0x08008ce6   0x08008ce6   0x00000018   Code   RO        12567    i.USBD_CtlContinueRx  usbd_ioreq.o
    0x08008cfe   0x08008cfe   0x00000018   Code   RO        12568    i.USBD_CtlContinueSendData  usbd_ioreq.o
    0x08008d16   0x08008d16   0x00000018   Code   RO        12466    i.USBD_CtlError     usbd_ctlreq.o
    0x08008d2e   0x08008d2e   0x00000028   Code   RO        12569    i.USBD_CtlPrepareRx  usbd_ioreq.o
    0x08008d56   0x08008d56   0x0000001a   Code   RO        12570    i.USBD_CtlReceiveStatus  usbd_ioreq.o
    0x08008d70   0x08008d70   0x00000022   Code   RO        12571    i.USBD_CtlSendData  usbd_ioreq.o
    0x08008d92   0x08008d92   0x0000001a   Code   RO        12572    i.USBD_CtlSendStatus  usbd_ioreq.o
    0x08008dac   0x08008dac   0x00000034   Code   RO         1139    i.USBD_FS_ConfigStrDescriptor  usbd_desc.o
    0x08008de0   0x08008de0   0x00000010   Code   RO         1140    i.USBD_FS_DeviceDescriptor  usbd_desc.o
    0x08008df0   0x08008df0   0x00000038   Code   RO         1141    i.USBD_FS_InterfaceStrDescriptor  usbd_desc.o
    0x08008e28   0x08008e28   0x00000010   Code   RO         1142    i.USBD_FS_LangIDStrDescriptor  usbd_desc.o
    0x08008e38   0x08008e38   0x0000002c   Code   RO         1143    i.USBD_FS_ManufacturerStrDescriptor  usbd_desc.o
    0x08008e64   0x08008e64   0x00000040   Code   RO         1144    i.USBD_FS_ProductStrDescriptor  usbd_desc.o
    0x08008ea4   0x08008ea4   0x00000018   Code   RO         1145    i.USBD_FS_SerialStrDescriptor  usbd_desc.o
    0x08008ebc   0x08008ebc   0x00000056   Code   RO        12467    i.USBD_GetConfig    usbd_ctlreq.o
    0x08008f12   0x08008f12   0x000001fc   Code   RO        12468    i.USBD_GetDescriptor  usbd_ctlreq.o
    0x0800910e   0x0800910e   0x00000050   Code   RO        12306    i.USBD_GetEpDesc    usbd_core.o
    0x0800915e   0x0800915e   0x00000016   Code   RO        12469    i.USBD_GetLen       usbd_ctlreq.o
    0x08009174   0x08009174   0x00000014   Code   RO        12307    i.USBD_GetNextDesc  usbd_core.o
    0x08009188   0x08009188   0x0000005a   Code   RO        12470    i.USBD_GetStatus    usbd_ctlreq.o
    0x080091e2   0x080091e2   0x00000054   Code   RO        12471    i.USBD_GetString    usbd_ctlreq.o
    0x08009236   0x08009236   0x0000002c   Code   RO         1310    i.USBD_Get_USB_Status  usbd_conf.o
    0x08009262   0x08009262   0x0000003a   Code   RO        12308    i.USBD_Init         usbd_core.o
    0x0800929c   0x0800929c   0x00000026   Code   RO         1311    i.USBD_LL_ClearStallEP  usbd_conf.o
    0x080092c2   0x080092c2   0x00000026   Code   RO         1312    i.USBD_LL_CloseEP   usbd_conf.o
    0x080092e8   0x080092e8   0x00000108   Code   RO        12309    i.USBD_LL_DataInStage  usbd_core.o
    0x080093f0   0x080093f0   0x00000102   Code   RO        12310    i.USBD_LL_DataOutStage  usbd_core.o
    0x080094f2   0x080094f2   0x00000006   Code   RO        12311    i.USBD_LL_DevConnected  usbd_core.o
    0x080094f8   0x080094f8   0x00000026   Code   RO        12312    i.USBD_LL_DevDisconnected  usbd_core.o
    0x0800951e   0x0800951e   0x00000012   Code   RO         1316    i.USBD_LL_GetRxDataSize  usbd_conf.o
    0x08009530   0x08009530   0x00000068   Code   RO         1317    i.USBD_LL_Init      usbd_conf.o
    0x08009598   0x08009598   0x00000038   Code   RO         1318    i.USBD_LL_IsStallEP  usbd_conf.o
    0x080095d0   0x080095d0   0x00000048   Code   RO        12313    i.USBD_LL_IsoINIncomplete  usbd_core.o
    0x08009618   0x08009618   0x00000048   Code   RO        12314    i.USBD_LL_IsoOUTIncomplete  usbd_core.o
    0x08009660   0x08009660   0x00000030   Code   RO         1319    i.USBD_LL_OpenEP    usbd_conf.o
    0x08009690   0x08009690   0x00000030   Code   RO         1320    i.USBD_LL_PrepareReceive  usbd_conf.o
    0x080096c0   0x080096c0   0x0000006c   Code   RO        12315    i.USBD_LL_Reset     usbd_core.o
    0x0800972c   0x0800972c   0x00000016   Code   RO        12316    i.USBD_LL_Resume    usbd_core.o
    0x08009742   0x08009742   0x00000028   Code   RO        12317    i.USBD_LL_SOF       usbd_core.o
    0x0800976a   0x0800976a   0x00000008   Code   RO        12318    i.USBD_LL_SetSpeed  usbd_core.o
    0x08009772   0x08009772   0x00000026   Code   RO         1321    i.USBD_LL_SetUSBAddress  usbd_conf.o
    0x08009798   0x08009798   0x00000076   Code   RO        12319    i.USBD_LL_SetupStage  usbd_core.o
    0x0800980e   0x0800980e   0x00000026   Code   RO         1322    i.USBD_LL_StallEP   usbd_conf.o
    0x08009834   0x08009834   0x0000001e   Code   RO         1323    i.USBD_LL_Start     usbd_conf.o
    0x08009852   0x08009852   0x00000014   Code   RO        12320    i.USBD_LL_Suspend   usbd_core.o
    0x08009866   0x08009866   0x00000030   Code   RO         1325    i.USBD_LL_Transmit  usbd_conf.o
    0x08009896   0x08009896   0x00000036   Code   RO        12472    i.USBD_ParseSetupRequest  usbd_ctlreq.o
    0x080098cc   0x080098cc   0x00000048   Code   RO        12321    i.USBD_RegisterClass  usbd_core.o
    0x08009914   0x08009914   0x00000006   Code   RO        12322    i.USBD_RunTestMode  usbd_core.o
    0x0800991a   0x0800991a   0x0000005a   Code   RO        12473    i.USBD_SetAddress   usbd_ctlreq.o
    0x08009974   0x08009974   0x00000020   Code   RO        12323    i.USBD_SetClassConfig  usbd_core.o
    0x08009994   0x08009994   0x00000104   Code   RO        12474    i.USBD_SetConfig    usbd_ctlreq.o
    0x08009a98   0x08009a98   0x00000038   Code   RO        12475    i.USBD_SetFeature   usbd_ctlreq.o
    0x08009ad0   0x08009ad0   0x0000000c   Code   RO        12324    i.USBD_Start        usbd_core.o
    0x08009adc   0x08009adc   0x000000ae   Code   RO        12476    i.USBD_StdDevReq    usbd_ctlreq.o
    0x08009b8a   0x08009b8a   0x00000280   Code   RO        12477    i.USBD_StdEPReq     usbd_ctlreq.o
    0x08009e0a   0x08009e0a   0x000000ae   Code   RO        12478    i.USBD_StdItfReq    usbd_ctlreq.o
    0x08009eb8   0x08009eb8   0x00000002   Code   RO         1326    i.USBD_static_free  usbd_conf.o
    0x08009eba   0x08009eba   0x00000002   PAD
    0x08009ebc   0x08009ebc   0x0000000c   Code   RO         1327    i.USBD_static_malloc  usbd_conf.o
    0x08009ec8   0x08009ec8   0x000000d0   Code   RO         3810    i.USB_ActivateEndpoint  stm32f4xx_ll_usb.o
    0x08009f98   0x08009f98   0x00000028   Code   RO         3812    i.USB_ActivateSetup  stm32f4xx_ll_usb.o
    0x08009fc0   0x08009fc0   0x00000084   Code   RO         3814    i.USB_CoreInit      stm32f4xx_ll_usb.o
    0x0800a044   0x0800a044   0x00000058   Code   RO         3815    i.USB_CoreReset     stm32f4xx_ll_usb.o
    0x0800a09c   0x0800a09c   0x0000014c   Code   RO         3818    i.USB_DeactivateEndpoint  stm32f4xx_ll_usb.o
    0x0800a1e8   0x0800a1e8   0x00000024   Code   RO         3819    i.USB_DevConnect    stm32f4xx_ll_usb.o
    0x0800a20c   0x0800a20c   0x00000024   Code   RO         3820    i.USB_DevDisconnect  stm32f4xx_ll_usb.o
    0x0800a230   0x0800a230   0x000001e0   Code   RO         3821    i.USB_DevInit       stm32f4xx_ll_usb.o
    0x0800a410   0x0800a410   0x0000000e   Code   RO         3822    i.USB_DisableGlobalInt  stm32f4xx_ll_usb.o
    0x0800a41e   0x0800a41e   0x00000002   PAD
    0x0800a420   0x0800a420   0x000001dc   Code   RO         3825    i.USB_EP0StartXfer  stm32f4xx_ll_usb.o
    0x0800a5fc   0x0800a5fc   0x00000070   Code   RO         3826    i.USB_EP0_OutStart  stm32f4xx_ll_usb.o
    0x0800a66c   0x0800a66c   0x0000008e   Code   RO         3827    i.USB_EPClearStall  stm32f4xx_ll_usb.o
    0x0800a6fa   0x0800a6fa   0x0000009a   Code   RO         3828    i.USB_EPSetStall    stm32f4xx_ll_usb.o
    0x0800a794   0x0800a794   0x00000348   Code   RO         3829    i.USB_EPStartXfer   stm32f4xx_ll_usb.o
    0x0800aadc   0x0800aadc   0x000000ec   Code   RO         3830    i.USB_EPStopXfer    stm32f4xx_ll_usb.o
    0x0800abc8   0x0800abc8   0x0000000e   Code   RO         3831    i.USB_EnableGlobalInt  stm32f4xx_ll_usb.o
    0x0800abd6   0x0800abd6   0x00000002   PAD
    0x0800abd8   0x0800abd8   0x00000054   Code   RO         3832    i.USB_FlushRxFifo   stm32f4xx_ll_usb.o
    0x0800ac2c   0x0800ac2c   0x00000058   Code   RO         3833    i.USB_FlushTxFifo   stm32f4xx_ll_usb.o
    0x0800ac84   0x0800ac84   0x00000026   Code   RO         3835    i.USB_GetDevSpeed   stm32f4xx_ll_usb.o
    0x0800acaa   0x0800acaa   0x0000000a   Code   RO         3837    i.USB_GetMode       stm32f4xx_ll_usb.o
    0x0800acb4   0x0800acb4   0x00000014   Code   RO         3844    i.USB_ReadDevAllInEpInterrupt  stm32f4xx_ll_usb.o
    0x0800acc8   0x0800acc8   0x00000014   Code   RO         3845    i.USB_ReadDevAllOutEpInterrupt  stm32f4xx_ll_usb.o
    0x0800acdc   0x0800acdc   0x00000032   Code   RO         3846    i.USB_ReadDevInEPInterrupt  stm32f4xx_ll_usb.o
    0x0800ad0e   0x0800ad0e   0x0000001a   Code   RO         3847    i.USB_ReadDevOutEPInterrupt  stm32f4xx_ll_usb.o
    0x0800ad28   0x0800ad28   0x0000000a   Code   RO         3848    i.USB_ReadInterrupts  stm32f4xx_ll_usb.o
    0x0800ad32   0x0800ad32   0x00000060   Code   RO         3849    i.USB_ReadPacket    stm32f4xx_ll_usb.o
    0x0800ad92   0x0800ad92   0x00000068   Code   RO         3851    i.USB_SetCurrentMode  stm32f4xx_ll_usb.o
    0x0800adfa   0x0800adfa   0x0000002a   Code   RO         3852    i.USB_SetDevAddress  stm32f4xx_ll_usb.o
    0x0800ae24   0x0800ae24   0x00000012   Code   RO         3853    i.USB_SetDevSpeed   stm32f4xx_ll_usb.o
    0x0800ae36   0x0800ae36   0x00000002   PAD
    0x0800ae38   0x0800ae38   0x000000e8   Code   RO         3854    i.USB_SetTurnaroundTime  stm32f4xx_ll_usb.o
    0x0800af20   0x0800af20   0x00000044   Code   RO         3857    i.USB_WritePacket   stm32f4xx_ll_usb.o
    0x0800af64   0x0800af64   0x00000004   Code   RO          857    i.UsageFault_Handler  stm32f4xx_it.o
    0x0800af68   0x0800af68   0x00000036   Code   RO        13510    i.UserDataTreatment  nc60_com.o
    0x0800af9e   0x0800af9e   0x00000002   PAD
    0x0800afa0   0x0800afa0   0x00000020   Code   RO        13980    i.__0printf         mc_w.l(printfa.o)
    0x0800afc0   0x0800afc0   0x00000028   Code   RO        13982    i.__0sprintf        mc_w.l(printfa.o)
    0x0800afe8   0x0800afe8   0x00000034   Code   RO        13985    i.__0vsnprintf      mc_w.l(printfa.o)
    0x0800b01c   0x0800b01c   0x00000024   Code   RO        13986    i.__0vsprintf       mc_w.l(printfa.o)
    0x0800b040   0x0800b040   0x00000030   Code   RO        14160    i.__ARM_fpclassify  m_wm.l(fpclassify.o)
    0x0800b070   0x0800b070   0x00000010   Code   RO         2781    i.__NVIC_GetPriorityGrouping  stm32f4xx_hal_cortex.o
    0x0800b080   0x0800b080   0x00000028   Code   RO         2782    i.__NVIC_SetPriority  stm32f4xx_hal_cortex.o
    0x0800b0a8   0x0800b0a8   0x000002d8   Code   RO        14062    i.__hardfp_atan     m_wm.l(atan.o)
    0x0800b380   0x0800b380   0x00000200   Code   RO        13635    i.__hardfp_atan2    m_wm.l(atan2.o)
    0x0800b580   0x0800b580   0x000000c8   Code   RO        13647    i.__hardfp_cos      m_wm.l(cos.o)
    0x0800b648   0x0800b648   0x00000014   Code   RO        13659    i.__hardfp_fabs     m_wm.l(fabs.o)
    0x0800b65c   0x0800b65c   0x00000004   PAD
    0x0800b660   0x0800b660   0x000000c8   Code   RO        13665    i.__hardfp_sin      m_wm.l(sin.o)
    0x0800b728   0x0800b728   0x0000007a   Code   RO        13677    i.__hardfp_sqrt     m_wm.l(sqrt.o)
    0x0800b7a2   0x0800b7a2   0x00000006   PAD
    0x0800b7a8   0x0800b7a8   0x00000438   Code   RO        14094    i.__ieee754_rem_pio2  m_wm.l(rred.o)
    0x0800bbe0   0x0800bbe0   0x00000170   Code   RO        14076    i.__kernel_cos      m_wm.l(cos_i.o)
    0x0800bd50   0x0800bd50   0x000000f8   Code   RO        14162    i.__kernel_poly     m_wm.l(poly.o)
    0x0800be48   0x0800be48   0x00000130   Code   RO        14099    i.__kernel_sin      m_wm.l(sin_i.o)
    0x0800bf78   0x0800bf78   0x00000014   Code   RO        14080    i.__mathlib_dbl_infnan  m_wm.l(dunder.o)
    0x0800bf8c   0x0800bf8c   0x00000014   Code   RO        14081    i.__mathlib_dbl_infnan2  m_wm.l(dunder.o)
    0x0800bfa0   0x0800bfa0   0x00000020   Code   RO        14082    i.__mathlib_dbl_invalid  m_wm.l(dunder.o)
    0x0800bfc0   0x0800bfc0   0x00000020   Code   RO        14085    i.__mathlib_dbl_underflow  m_wm.l(dunder.o)
    0x0800bfe0   0x0800bfe0   0x0000000e   Code   RO        14181    i.__scatterload_copy  mc_w.l(handlers.o)
    0x0800bfee   0x0800bfee   0x00000002   Code   RO        14182    i.__scatterload_null  mc_w.l(handlers.o)
    0x0800bff0   0x0800bff0   0x0000000e   Code   RO        14183    i.__scatterload_zeroinit  mc_w.l(handlers.o)
    0x0800bffe   0x0800bffe   0x00000002   PAD
    0x0800c000   0x0800c000   0x0000000c   Code   RO        14136    i.__set_errno       mc_w.l(errno.o)
    0x0800c00c   0x0800c00c   0x00000184   Code   RO        13987    i._fp_digits        mc_w.l(printfa.o)
    0x0800c190   0x0800c190   0x000006b4   Code   RO        13988    i._printf_core      mc_w.l(printfa.o)
    0x0800c844   0x0800c844   0x00000024   Code   RO        13989    i._printf_post_padding  mc_w.l(printfa.o)
    0x0800c868   0x0800c868   0x0000002e   Code   RO        13990    i._printf_pre_padding  mc_w.l(printfa.o)
    0x0800c896   0x0800c896   0x00000016   Code   RO        13991    i._snputc           mc_w.l(printfa.o)
    0x0800c8ac   0x0800c8ac   0x0000000a   Code   RO        13992    i._sputc            mc_w.l(printfa.o)
    0x0800c8b6   0x0800c8b6   0x00000002   PAD
    0x0800c8b8   0x0800c8b8   0x00000124   Code   RO         9104    i.alloc_socket      sockets.o
    0x0800c9dc   0x0800c9dc   0x00000080   Code   RO        13146    i.arrayToHexStringWithSpaces  shell_port.o
    0x0800ca5c   0x0800ca5c   0x00000010   Code   RO        14064    i.atan              m_wm.l(atan.o)
    0x0800ca6c   0x0800ca6c   0x00000038   Code   RO        13305    i.can_send          gx_can_frame.o
    0x0800caa4   0x0800caa4   0x00000074   Code   RO        13221    i.check_frame       gx_aa55_frame.o
    0x0800cb18   0x0800cb18   0x0000002c   Code   RO        13306    i.cpy_frame_from_car  gx_can_frame.o
    0x0800cb44   0x0800cb44   0x000000b0   Code   RO        13222    i.cpy_frame_from_remoter  gx_aa55_frame.o
    0x0800cbf4   0x0800cbf4   0x000000bc   Code   RO         9919    i.do_memp_free_pool  memp.o
    0x0800ccb0   0x0800ccb0   0x000000c8   Code   RO         9920    i.do_memp_malloc_pool  memp.o
    0x0800cd78   0x0800cd78   0x00000200   Code   RO         8694    i.err_tcp           api_msg.o
    0x0800cf78   0x0800cf78   0x00000020   Code   RO         8905    i.err_to_errno      err.o
    0x0800cf98   0x0800cf98   0x00000038   Code   RO        11337    i.etharp_cleanup_netif  etharp.o
    0x0800cfd0   0x0800cfd0   0x00000300   Code   RO        11339    i.etharp_find_entry  etharp.o
    0x0800d2d0   0x0800d2d0   0x00000040   Code   RO        11340    i.etharp_free_entry  etharp.o
    0x0800d310   0x0800d310   0x0000013c   Code   RO        11342    i.etharp_input      etharp.o
    0x0800d44c   0x0800d44c   0x00000224   Code   RO        11343    i.etharp_output     etharp.o
    0x0800d670   0x0800d670   0x00000168   Code   RO        11344    i.etharp_output_to_arp_index  etharp.o
    0x0800d7d8   0x0800d7d8   0x000002a4   Code   RO        11345    i.etharp_query      etharp.o
    0x0800da7c   0x0800da7c   0x0000018c   Code   RO        11346    i.etharp_raw        etharp.o
    0x0800dc08   0x0800dc08   0x00000018   Code   RO        11347    i.etharp_request    etharp.o
    0x0800dc20   0x0800dc20   0x0000002c   Code   RO        11348    i.etharp_request_dst  etharp.o
    0x0800dc4c   0x0800dc4c   0x000000dc   Code   RO        11349    i.etharp_tmr        etharp.o
    0x0800dd28   0x0800dd28   0x0000015c   Code   RO        11350    i.etharp_update_arp_entry  etharp.o
    0x0800de84   0x0800de84   0x000000c4   Code   RO         8266    i.ethernet_input    ethernet.o
    0x0800df48   0x0800df48   0x00000002   Code   RO         1740    i.ethernet_link_status_updated  lwip.o
    0x0800df4a   0x0800df4a   0x00000002   PAD
    0x0800df4c   0x0800df4c   0x000000d4   Code   RO         1517    i.ethernet_link_thread  ethernetif.o
    0x0800e020   0x0800e020   0x00000104   Code   RO         8267    i.ethernet_output   ethernet.o
    0x0800e124   0x0800e124   0x00000098   Code   RO         1518    i.ethernetif_init   ethernetif.o
    0x0800e1bc   0x0800e1bc   0x00000040   Code   RO         1519    i.ethernetif_input  ethernetif.o
    0x0800e1fc   0x0800e1fc   0x00000174   Code   RO         9105    i.event_callback    sockets.o
    0x0800e370   0x0800e370   0x00000018   Code   RO        13661    i.fabs              m_wm.l(fabs.o)
    0x0800e388   0x0800e388   0x00000012   Code   RO        14121    i.fputc             mc_w.l(fputc.o)
    0x0800e39a   0x0800e39a   0x00000002   PAD
    0x0800e39c   0x0800e39c   0x00000050   Code   RO        14008    i.free              mc_w.l(malloc.o)
    0x0800e3ec   0x0800e3ec   0x00000032   Code   RO         9106    i.free_socket       sockets.o
    0x0800e41e   0x0800e41e   0x00000026   Code   RO         9107    i.free_socket_free_elements  sockets.o
    0x0800e444   0x0800e444   0x00000018   Code   RO         9108    i.free_socket_locked  sockets.o
    0x0800e45c   0x0800e45c   0x0000005c   Code   RO        13147    i.getAA55Frame      shell_port.o
    0x0800e4b8   0x0800e4b8   0x00000058   Code   RO        13148    i.getCanFrame       shell_port.o
    0x0800e510   0x0800e510   0x00000024   Code   RO         9109    i.get_socket        sockets.o
    0x0800e534   0x0800e534   0x00000174   Code   RO        13223    i.gx_aa55Frame_init  gx_aa55_frame.o
    0x0800e6a8   0x0800e6a8   0x00000010   Code   RO        13224    i.gx_aa55_receive_handler  gx_aa55_frame.o
    0x0800e6b8   0x0800e6b8   0x0000005c   Code   RO        13307    i.gx_canFrame_init  gx_can_frame.o
    0x0800e714   0x0800e714   0x00000064   Code   RO        13225    i.gx_send_frame     gx_aa55_frame.o
    0x0800e778   0x0800e778   0x000000e8   Code   RO         1666    i.gx_udp_send       app_udp.o
    0x0800e860   0x0800e860   0x00000012   Code   RO        11440    i.icmp_dest_unreach  icmp.o
    0x0800e872   0x0800e872   0x00000002   PAD
    0x0800e874   0x0800e874   0x00000270   Code   RO        11441    i.icmp_input        icmp.o
    0x0800eae4   0x0800eae4   0x0000011c   Code   RO        11442    i.icmp_send_response  icmp.o
    0x0800ec00   0x0800ec00   0x00000012   Code   RO        11443    i.icmp_time_exceeded  icmp.o
    0x0800ec12   0x0800ec12   0x00000010   Code   RO         7228    i.inHandlerMode     cmsis_os.o
    0x0800ec22   0x0800ec22   0x0000004e   Code   RO        11557    i.ip4_addr_isbroadcast_u32  ip4_addr.o
    0x0800ec70   0x0800ec70   0x000002cc   Code   RO        11625    i.ip4_frag          ip4_frag.o
    0x0800ef3c   0x0800ef3c   0x0000019c   Code   RO        11502    i.ip4_input         ip4.o
    0x0800f0d8   0x0800f0d8   0x00000034   Code   RO        11503    i.ip4_input_accept  ip4.o
    0x0800f10c   0x0800f10c   0x00000036   Code   RO        11505    i.ip4_output_if     ip4.o
    0x0800f142   0x0800f142   0x00000002   PAD
    0x0800f144   0x0800f144   0x0000019c   Code   RO        11506    i.ip4_output_if_src  ip4.o
    0x0800f2e0   0x0800f2e0   0x000002fc   Code   RO        11626    i.ip4_reass         ip4_frag.o
    0x0800f5dc   0x0800f5dc   0x00000094   Code   RO        11507    i.ip4_route         ip4.o
    0x0800f670   0x0800f670   0x0000020c   Code   RO        11559    i.ip4addr_aton      ip4_addr.o
    0x0800f87c   0x0800f87c   0x0000000a   Code   RO        11627    i.ip_frag_alloc_pbuf_custom_ref  ip4_frag.o
    0x0800f886   0x0800f886   0x00000002   PAD
    0x0800f888   0x0800f888   0x00000098   Code   RO        11628    i.ip_frag_free_pbuf_custom_ref  ip4_frag.o
    0x0800f920   0x0800f920   0x00000304   Code   RO        11629    i.ip_reass_chain_frag_into_datagram_and_validate  ip4_frag.o
    0x0800fc24   0x0800fc24   0x000000c4   Code   RO        11630    i.ip_reass_dequeue_datagram  ip4_frag.o
    0x0800fce8   0x0800fce8   0x00000054   Code   RO        11631    i.ip_reass_enqueue_new_datagram  ip4_frag.o
    0x0800fd3c   0x0800fd3c   0x000001e0   Code   RO        11632    i.ip_reass_free_complete_datagram  ip4_frag.o
    0x0800ff1c   0x0800ff1c   0x00000088   Code   RO        11633    i.ip_reass_remove_oldest_datagram  ip4_frag.o
    0x0800ffa4   0x0800ffa4   0x00000034   Code   RO        11634    i.ip_reass_tmr      ip4_frag.o
    0x0800ffd8   0x0800ffd8   0x000000c8   Code   RO        11635    i.ipfrag_free_pbuf_custom  ip4_frag.o
    0x080100a0   0x080100a0   0x000001e4   Code   RO         1520    i.low_level_init    ethernetif.o
    0x08010284   0x08010284   0x00000024   Code   RO         1521    i.low_level_input   ethernetif.o
    0x080102a8   0x080102a8   0x000000cc   Code   RO         1522    i.low_level_output  ethernetif.o
    0x08010374   0x08010374   0x00000134   Code   RO         9111    i.lwip_bind         sockets.o
    0x080104a8   0x080104a8   0x00000100   Code   RO         9112    i.lwip_close        sockets.o
    0x080105a8   0x080105a8   0x00000050   Code   RO        11089    i.lwip_cyclic_timer  timeouts.o
    0x080105f8   0x080105f8   0x0000001a   Code   RO         9624    i.lwip_htonl        def.o
    0x08010612   0x08010612   0x0000000c   Code   RO         9625    i.lwip_htons        def.o
    0x0801061e   0x0801061e   0x00000002   PAD
    0x08010620   0x08010620   0x00000038   Code   RO         9121    i.lwip_inet_pton    sockets.o
    0x08010658   0x08010658   0x000000a0   Code   RO         9769    i.lwip_init         init.o
    0x080106f8   0x080106f8   0x0000004c   Code   RO         8695    i.lwip_netconn_do_bind  api_msg.o
    0x08010744   0x08010744   0x0000015c   Code   RO         8697    i.lwip_netconn_do_close  api_msg.o
    0x080108a0   0x080108a0   0x0000035c   Code   RO         8698    i.lwip_netconn_do_close_internal  api_msg.o
    0x08010bfc   0x08010bfc   0x00000220   Code   RO         8701    i.lwip_netconn_do_delconn  api_msg.o
    0x08010e1c   0x08010e1c   0x00000134   Code   RO         8703    i.lwip_netconn_do_getaddr  api_msg.o
    0x08010f50   0x08010f50   0x00000018   Code   RO         8705    i.lwip_netconn_do_newconn  api_msg.o
    0x08010f68   0x08010f68   0x00000048   Code   RO         8706    i.lwip_netconn_do_recv  api_msg.o
    0x08010fb0   0x08010fb0   0x00000064   Code   RO         8707    i.lwip_netconn_do_send  api_msg.o
    0x08011014   0x08011014   0x0000017c   Code   RO         8708    i.lwip_netconn_do_write  api_msg.o
    0x08011190   0x08011190   0x0000041c   Code   RO         8709    i.lwip_netconn_do_writemore  api_msg.o
    0x080115ac   0x080115ac   0x000000b4   Code   RO         8710    i.lwip_netconn_err_to_msg  api_msg.o
    0x08011660   0x08011660   0x000000c0   Code   RO         8711    i.lwip_netconn_is_err_msg  api_msg.o
    0x08011720   0x08011720   0x00000048   Code   RO         9126    i.lwip_poll_should_wake  sockets.o
    0x08011768   0x08011768   0x0000027c   Code   RO         9131    i.lwip_recv_tcp     sockets.o
    0x080119e4   0x080119e4   0x00000044   Code   RO         9132    i.lwip_recv_tcp_from  sockets.o
    0x08011a28   0x08011a28   0x00000108   Code   RO         9133    i.lwip_recvfrom     sockets.o
    0x08011b30   0x08011b30   0x000001c4   Code   RO         9134    i.lwip_recvfrom_udp_raw  sockets.o
    0x08011cf4   0x08011cf4   0x000000a0   Code   RO         9138    i.lwip_send         sockets.o
    0x08011d94   0x08011d94   0x000001a4   Code   RO         9140    i.lwip_sendto       sockets.o
    0x08011f38   0x08011f38   0x00000144   Code   RO         9144    i.lwip_sock_make_addr  sockets.o
    0x0801207c   0x0801207c   0x000000a8   Code   RO         9145    i.lwip_socket       sockets.o
    0x08012124   0x08012124   0x00000074   Code   RO           16    i.main              main.o
    0x08012198   0x08012198   0x0000000e   Code   RO         7230    i.makeFreeRtosPriority  cmsis_os.o
    0x080121a6   0x080121a6   0x00000002   PAD
    0x080121a8   0x080121a8   0x0000006c   Code   RO        14009    i.malloc            mc_w.l(malloc.o)
    0x08012214   0x08012214   0x00000210   Code   RO         9838    i.mem_free          mem.o
    0x08012424   0x08012424   0x000000f4   Code   RO         9839    i.mem_init          mem.o
    0x08012518   0x08012518   0x00000058   Code   RO         9840    i.mem_link_valid    mem.o
    0x08012570   0x08012570   0x000002bc   Code   RO         9841    i.mem_malloc        mem.o
    0x0801282c   0x0801282c   0x00000010   Code   RO         9842    i.mem_to_ptr        mem.o
    0x0801283c   0x0801283c   0x00000250   Code   RO         9843    i.mem_trim          mem.o
    0x08012a8c   0x08012a8c   0x000000b0   Code   RO         9921    i.memp_free         memp.o
    0x08012b3c   0x08012b3c   0x000000a0   Code   RO         9922    i.memp_free_pool    memp.o
    0x08012bdc   0x08012bdc   0x00000020   Code   RO         9923    i.memp_init         memp.o
    0x08012bfc   0x08012bfc   0x0000002c   Code   RO         9924    i.memp_init_pool    memp.o
    0x08012c28   0x08012c28   0x000000b0   Code   RO         9925    i.memp_malloc       memp.o
    0x08012cd8   0x08012cd8   0x00000098   Code   RO         9926    i.memp_malloc_pool  memp.o
    0x08012d70   0x08012d70   0x00000020   Code   RO         8986    i.netbuf_delete     netbuf.o
    0x08012d90   0x08012d90   0x000000ac   Code   RO         8988    i.netbuf_free       netbuf.o
    0x08012e3c   0x08012e3c   0x000000d0   Code   RO         8991    i.netbuf_ref        netbuf.o
    0x08012f0c   0x08012f0c   0x00000124   Code   RO         8712    i.netconn_alloc     api_msg.o
    0x08013030   0x08013030   0x00000022   Code   RO         8466    i.netconn_apimsg    api_lib.o
    0x08013052   0x08013052   0x00000002   PAD
    0x08013054   0x08013054   0x000000c8   Code   RO         8467    i.netconn_bind      api_lib.o
    0x0801311c   0x0801311c   0x000000c0   Code   RO         8470    i.netconn_close_shutdown  api_lib.o
    0x080131dc   0x080131dc   0x0000001e   Code   RO         8472    i.netconn_delete    api_lib.o
    0x080131fa   0x080131fa   0x000000aa   Code   RO         8713    i.netconn_drain     api_msg.o
    0x080132a4   0x080132a4   0x00000022   Code   RO         8474    i.netconn_err       api_lib.o
    0x080132c6   0x080132c6   0x00000002   PAD
    0x080132c8   0x080132c8   0x00000184   Code   RO         8714    i.netconn_free      api_msg.o
    0x0801344c   0x0801344c   0x0000014c   Code   RO         8475    i.netconn_getaddr   api_lib.o
    0x08013598   0x08013598   0x000001ac   Code   RO         8477    i.netconn_new_with_proto_and_callback  api_lib.o
    0x08013744   0x08013744   0x00000030   Code   RO         8478    i.netconn_prepare_delete  api_lib.o
    0x08013774   0x08013774   0x000001d8   Code   RO         8480    i.netconn_recv_data  api_lib.o
    0x0801394c   0x0801394c   0x000000bc   Code   RO         8481    i.netconn_recv_data_tcp  api_lib.o
    0x08013a08   0x08013a08   0x000000bc   Code   RO         8483    i.netconn_recv_tcp_pbuf_flags  api_lib.o
    0x08013ac4   0x08013ac4   0x000000c4   Code   RO         8485    i.netconn_recv_udp_raw_netbuf_flags  api_lib.o
    0x08013b88   0x08013b88   0x000000b8   Code   RO         8486    i.netconn_send      api_lib.o
    0x08013c40   0x08013c40   0x000000c4   Code   RO         8489    i.netconn_tcp_recvd  api_lib.o
    0x08013d04   0x08013d04   0x000000c4   Code   RO         8490    i.netconn_tcp_recvd_msg  api_lib.o
    0x08013dc8   0x08013dc8   0x00000028   Code   RO         8491    i.netconn_write_partly  api_lib.o
    0x08013df0   0x08013df0   0x000001e0   Code   RO         8492    i.netconn_write_vectors_partly  api_lib.o
    0x08013fd0   0x08013fd0   0x00000230   Code   RO        10024    i.netif_add         netif.o
    0x08014200   0x08014200   0x00000018   Code   RO        10026    i.netif_do_ip_addr_changed  netif.o
    0x08014218   0x08014218   0x00000026   Code   RO        10027    i.netif_do_set_gw   netif.o
    0x0801423e   0x0801423e   0x00000002   PAD
    0x08014240   0x08014240   0x000000e0   Code   RO        10028    i.netif_do_set_ipaddr  netif.o
    0x08014320   0x08014320   0x00000026   Code   RO        10029    i.netif_do_set_netmask  netif.o
    0x08014346   0x08014346   0x00000002   PAD
    0x08014348   0x08014348   0x00000028   Code   RO        10031    i.netif_get_by_index  netif.o
    0x08014370   0x08014370   0x00000002   Code   RO        10033    i.netif_init        netif.o
    0x08014372   0x08014372   0x00000002   PAD
    0x08014374   0x08014374   0x000000d8   Code   RO        10035    i.netif_issue_reports  netif.o
    0x0801444c   0x0801444c   0x00000008   Code   RO        10037    i.netif_null_output_ip4  netif.o
    0x08014454   0x08014454   0x00000060   Code   RO        10039    i.netif_set_addr    netif.o
    0x080144b4   0x080144b4   0x0000000c   Code   RO        10040    i.netif_set_default  netif.o
    0x080144c0   0x080144c0   0x000000cc   Code   RO        10041    i.netif_set_down    netif.o
    0x0801458c   0x0801458c   0x00000006   Code   RO        10044    i.netif_set_link_callback  netif.o
    0x08014592   0x08014592   0x00000002   PAD
    0x08014594   0x08014594   0x000000cc   Code   RO        10045    i.netif_set_link_down  netif.o
    0x08014660   0x08014660   0x000000d4   Code   RO        10046    i.netif_set_link_up  netif.o
    0x08014734   0x08014734   0x000000c0   Code   RO        10048    i.netif_set_up      netif.o
    0x080147f4   0x080147f4   0x0000001c   Code   RO         7232    i.osDelay           cmsis_os.o
    0x08014810   0x08014810   0x0000000a   Code   RO         7235    i.osKernelStart     cmsis_os.o
    0x0801481a   0x0801481a   0x00000014   Code   RO         7236    i.osKernelSysTick   cmsis_os.o
    0x0801482e   0x0801482e   0x00000028   Code   RO         7244    i.osMessageCreate   cmsis_os.o
    0x08014856   0x08014856   0x00000018   Code   RO         7245    i.osMessageDelete   cmsis_os.o
    0x0801486e   0x0801486e   0x00000002   PAD
    0x08014870   0x08014870   0x000000a0   Code   RO         7246    i.osMessageGet      cmsis_os.o
    0x08014910   0x08014910   0x00000064   Code   RO         7248    i.osMessagePut      cmsis_os.o
    0x08014974   0x08014974   0x0000001a   Code   RO         7249    i.osMessageWaiting  cmsis_os.o
    0x0801498e   0x0801498e   0x0000001a   Code   RO         7250    i.osMutexCreate     cmsis_os.o
    0x080149a8   0x080149a8   0x00000050   Code   RO         7252    i.osMutexRelease    cmsis_os.o
    0x080149f8   0x080149f8   0x0000006c   Code   RO         7253    i.osMutexWait       cmsis_os.o
    0x08014a64   0x08014a64   0x00000058   Code   RO         7261    i.osSemaphoreCreate  cmsis_os.o
    0x08014abc   0x08014abc   0x00000018   Code   RO         7262    i.osSemaphoreDelete  cmsis_os.o
    0x08014ad4   0x08014ad4   0x00000050   Code   RO         7264    i.osSemaphoreRelease  cmsis_os.o
    0x08014b24   0x08014b24   0x0000006c   Code   RO         7265    i.osSemaphoreWait   cmsis_os.o
    0x08014b90   0x08014b90   0x0000005e   Code   RO         7269    i.osThreadCreate    cmsis_os.o
    0x08014bee   0x08014bee   0x00000002   PAD
    0x08014bf0   0x08014bf0   0x000003e4   Code   RO        13607    i.parse_a10_sbus    gx_ctrl.o
    0x08014fd4   0x08014fd4   0x00000144   Code   RO        13308    i.parse_frame_from_car  gx_can_frame.o
    0x08015118   0x08015118   0x000002fc   Code   RO        13226    i.parse_frame_from_remoter  gx_aa55_frame.o
    0x08015414   0x08015414   0x00000012   Code   RO        10210    i.pbuf_add_header   pbuf.o
    0x08015426   0x08015426   0x00000002   PAD
    0x08015428   0x08015428   0x000000e8   Code   RO        10212    i.pbuf_add_header_impl  pbuf.o
    0x08015510   0x08015510   0x000002a0   Code   RO        10213    i.pbuf_alloc        pbuf.o
    0x080157b0   0x080157b0   0x000000bc   Code   RO        10214    i.pbuf_alloc_reference  pbuf.o
    0x0801586c   0x0801586c   0x00000052   Code   RO        10215    i.pbuf_alloced_custom  pbuf.o
    0x080158be   0x080158be   0x00000002   PAD
    0x080158c0   0x080158c0   0x00000150   Code   RO        10216    i.pbuf_cat          pbuf.o
    0x08015a10   0x08015a10   0x00000016   Code   RO        10217    i.pbuf_chain        pbuf.o
    0x08015a26   0x08015a26   0x00000012   Code   RO        10218    i.pbuf_clen         pbuf.o
    0x08015a38   0x08015a38   0x000000b0   Code   RO        10219    i.pbuf_clone        pbuf.o
    0x08015ae8   0x08015ae8   0x00000228   Code   RO        10221    i.pbuf_copy         pbuf.o
    0x08015d10   0x08015d10   0x00000140   Code   RO        10222    i.pbuf_copy_partial  pbuf.o
    0x08015e50   0x08015e50   0x000001a8   Code   RO        10224    i.pbuf_free         pbuf.o
    0x08015ff8   0x08015ff8   0x00000034   Code   RO         1523    i.pbuf_free_custom  ethernetif.o
    0x0801602c   0x0801602c   0x00000040   Code   RO        10225    i.pbuf_free_header  pbuf.o
    0x0801606c   0x0801606c   0x0000003c   Code   RO        10226    i.pbuf_free_ooseq   pbuf.o
    0x080160a8   0x080160a8   0x0000000a   Code   RO        10227    i.pbuf_free_ooseq_callback  pbuf.o
    0x080160b2   0x080160b2   0x00000012   Code   RO        10231    i.pbuf_header_force  pbuf.o
    0x080160c4   0x080160c4   0x00000022   Code   RO        10232    i.pbuf_header_impl  pbuf.o
    0x080160e6   0x080160e6   0x0000001e   Code   RO        10233    i.pbuf_init_alloced_pbuf  pbuf.o
    0x08016104   0x08016104   0x00000044   Code   RO        10236    i.pbuf_pool_is_empty  pbuf.o
    0x08016148   0x08016148   0x00000168   Code   RO        10238    i.pbuf_realloc      pbuf.o
    0x080162b0   0x080162b0   0x000000a8   Code   RO        10239    i.pbuf_ref          pbuf.o
    0x08016358   0x08016358   0x000000f4   Code   RO        10240    i.pbuf_remove_header  pbuf.o
    0x0801644c   0x0801644c   0x00000110   Code   RO         8715    i.pcb_new           api_msg.o
    0x0801655c   0x0801655c   0x000001d8   Code   RO         9844    i.plug_holes        mem.o
    0x08016734   0x08016734   0x00000100   Code   RO         8716    i.poll_tcp          api_msg.o
    0x08016834   0x08016834   0x00000098   Code   RO         6749    i.prvAddCurrentTaskToDelayedList  tasks.o
    0x080168cc   0x080168cc   0x000000b4   Code   RO         6750    i.prvAddNewTaskToReadyList  tasks.o
    0x08016980   0x08016980   0x00000074   Code   RO         7074    i.prvCheckForValidListAndQueue  timers.o
    0x080169f4   0x080169f4   0x00000048   Code   RO         6751    i.prvCheckTasksWaitingTermination  tasks.o
    0x08016a3c   0x08016a3c   0x0000002a   Code   RO         6385    i.prvCopyDataFromQueue  queue.o
    0x08016a66   0x08016a66   0x0000007e   Code   RO         6386    i.prvCopyDataToQueue  queue.o
    0x08016ae4   0x08016ae4   0x00000050   Code   RO         6752    i.prvDeleteTCB      tasks.o
    0x08016b34   0x08016b34   0x00000014   Code   RO         6387    i.prvGetDisinheritPriorityAfterTimeout  queue.o
    0x08016b48   0x08016b48   0x00000028   Code   RO         7075    i.prvGetNextExpireTime  timers.o
    0x08016b70   0x08016b70   0x0000007c   Code   RO         7597    i.prvHeapInit       heap_4.o
    0x08016bec   0x08016bec   0x0000002c   Code   RO         6753    i.prvIdleTask       tasks.o
    0x08016c18   0x08016c18   0x0000001e   Code   RO         6388    i.prvInitialiseMutex  queue.o
    0x08016c36   0x08016c36   0x00000026   Code   RO         6389    i.prvInitialiseNewQueue  queue.o
    0x08016c5c   0x08016c5c   0x000000b4   Code   RO         6754    i.prvInitialiseNewTask  tasks.o
    0x08016d10   0x08016d10   0x00000068   Code   RO         6755    i.prvInitialiseTaskLists  tasks.o
    0x08016d78   0x08016d78   0x00000068   Code   RO         7598    i.prvInsertBlockIntoFreeList  heap_4.o
    0x08016de0   0x08016de0   0x00000058   Code   RO         7077    i.prvInsertTimerInActiveList  timers.o
    0x08016e38   0x08016e38   0x0000001a   Code   RO         6390    i.prvIsQueueEmpty   queue.o
    0x08016e52   0x08016e52   0x0000001e   Code   RO         6391    i.prvIsQueueFull    queue.o
    0x08016e70   0x08016e70   0x00000074   Code   RO         7078    i.prvProcessExpiredTimer  timers.o
    0x08016ee4   0x08016ee4   0x00000138   Code   RO         7079    i.prvProcessReceivedCommands  timers.o
    0x0801701c   0x0801701c   0x00000074   Code   RO         7080    i.prvProcessTimerOrBlockTask  timers.o
    0x08017090   0x08017090   0x00000034   Code   RO         6756    i.prvResetNextTaskUnblockTime  tasks.o
    0x080170c4   0x080170c4   0x0000002c   Code   RO         7081    i.prvSampleTimeNow  timers.o
    0x080170f0   0x080170f0   0x000000a4   Code   RO         7082    i.prvSwitchTimerLists  timers.o
    0x08017194   0x08017194   0x00000040   Code   RO         7654    i.prvTaskExitError  port.o
    0x080171d4   0x080171d4   0x0000001a   Code   RO         7083    i.prvTimerTask      timers.o
    0x080171ee   0x080171ee   0x0000007e   Code   RO         6392    i.prvUnlockQueue    queue.o
    0x0801726c   0x0801726c   0x00000010   Code   RO         9845    i.ptr_to_mem        mem.o
    0x0801727c   0x0801727c   0x0000014c   Code   RO         7599    i.pvPortMalloc      heap_4.o
    0x080173c8   0x080173c8   0x00000020   Code   RO         6758    i.pvTaskIncrementMutexHeldCount  tasks.o
    0x080173e8   0x080173e8   0x0000002c   Code   RO         7655    i.pxPortInitialiseStack  port.o
    0x08017414   0x08017414   0x000001b4   Code   RO         8717    i.recv_tcp          api_msg.o
    0x080175c8   0x080175c8   0x00000190   Code   RO         8718    i.recv_udp          api_msg.o
    0x08017758   0x08017758   0x00000108   Code   RO         9153    i.select_check_waiters  sockets.o
    0x08017860   0x08017860   0x000000ec   Code   RO         8719    i.sent_tcp          api_msg.o
    0x0801794c   0x0801794c   0x00000044   Code   RO         8720    i.setup_tcp         api_msg.o
    0x08017990   0x08017990   0x00000028   Code   RO        12732    i.shellAdd          shell.o
    0x080179b8   0x080179b8   0x0000000e   Code   RO        12733    i.shellBackspace    shell.o
    0x080179c6   0x080179c6   0x00000002   PAD
    0x080179c8   0x080179c8   0x00000038   Code   RO        12734    i.shellCheckPassword  shell.o
    0x08017a00   0x08017a00   0x0000003a   Code   RO        12735    i.shellCheckPermission  shell.o
    0x08017a3a   0x08017a3a   0x00000002   PAD
    0x08017a3c   0x08017a3c   0x0000001c   Code   RO        12736    i.shellClear        shell.o
    0x08017a58   0x08017a58   0x00000028   Code   RO        12737    i.shellClearCommandLine  shell.o
    0x08017a80   0x08017a80   0x00000012   Code   RO        12738    i.shellCmds         shell.o
    0x08017a92   0x08017a92   0x00000010   Code   RO        12739    i.shellDelete       shell.o
    0x08017aa2   0x08017aa2   0x000000da   Code   RO        12740    i.shellDeleteByte   shell.o
    0x08017b7c   0x08017b7c   0x00000020   Code   RO        12741    i.shellDeleteCommandLine  shell.o
    0x08017b9c   0x08017b9c   0x00000010   Code   RO        12742    i.shellDown         shell.o
    0x08017bac   0x08017bac   0x00000014   Code   RO        12743    i.shellEnter        shell.o
    0x08017bc0   0x08017bc0   0x00000074   Code   RO        12744    i.shellExec         shell.o
    0x08017c34   0x08017c34   0x00000058   Code   RO        13095    i.shellExtNumType   shell_ext.o
    0x08017c8c   0x08017c8c   0x00000052   Code   RO        13096    i.shellExtParseChar  shell_ext.o
    0x08017cde   0x08017cde   0x00000002   PAD
    0x08017ce0   0x08017ce0   0x000000ec   Code   RO        13097    i.shellExtParseNumber  shell_ext.o
    0x08017dcc   0x08017dcc   0x0000007e   Code   RO        13098    i.shellExtParsePara  shell_ext.o
    0x08017e4a   0x08017e4a   0x0000004a   Code   RO        13099    i.shellExtParseString  shell_ext.o
    0x08017e94   0x08017e94   0x00000024   Code   RO        13100    i.shellExtParseVar  shell_ext.o
    0x08017eb8   0x08017eb8   0x00000100   Code   RO        13101    i.shellExtRun       shell_ext.o
    0x08017fb8   0x08017fb8   0x00000036   Code   RO        13102    i.shellExtToNum     shell_ext.o
    0x08017fee   0x08017fee   0x00000030   Code   RO        12745    i.shellGetCommandDesc  shell.o
    0x0801801e   0x0801801e   0x00000002   PAD
    0x08018020   0x08018020   0x00000050   Code   RO        12746    i.shellGetCommandName  shell.o
    0x08018070   0x08018070   0x00000034   Code   RO        12747    i.shellGetCurrent   shell.o
    0x080180a4   0x080180a4   0x00000054   Code   RO        12748    i.shellGetVarValue  shell.o
    0x080180f8   0x080180f8   0x000000fc   Code   RO        12749    i.shellHandler      shell.o
    0x080181f4   0x080181f4   0x000000c2   Code   RO        12750    i.shellHistory      shell.o
    0x080182b6   0x080182b6   0x0000007a   Code   RO        12751    i.shellHistoryAdd   shell.o
    0x08018330   0x08018330   0x000000a4   Code   RO        12752    i.shellInit         shell.o
    0x080183d4   0x080183d4   0x000000d8   Code   RO        12753    i.shellInsertByte   shell.o
    0x080184ac   0x080184ac   0x0000001a   Code   RO        12754    i.shellLeft         shell.o
    0x080184c6   0x080184c6   0x0000000c   Code   RO        12755    i.shellListAll      shell.o
    0x080184d2   0x080184d2   0x00000002   PAD
    0x080184d4   0x080184d4   0x0000004c   Code   RO        12756    i.shellListCommand  shell.o
    0x08018520   0x08018520   0x000000fc   Code   RO        12757    i.shellListItem     shell.o
    0x0801861c   0x0801861c   0x0000001c   Code   RO        12761    i.shellNormalInput  shell.o
    0x08018638   0x08018638   0x000000f0   Code   RO        12762    i.shellParserParam  shell.o
    0x08018728   0x08018728   0x0000003a   Code   RO        12763    i.shellPrint        shell.o
    0x08018762   0x08018762   0x00000068   Code   RO        12765    i.shellRemoveParamQuotes  shell.o
    0x080187ca   0x080187ca   0x0000001e   Code   RO        12766    i.shellRight        shell.o
    0x080187e8   0x080187e8   0x000000ae   Code   RO        12768    i.shellRunCommand   shell.o
    0x08018896   0x08018896   0x0000007a   Code   RO        12769    i.shellSeekCommand  shell.o
    0x08018910   0x08018910   0x00000048   Code   RO        12770    i.shellSetUser      shell.o
    0x08018958   0x08018958   0x000000c0   Code   RO        12772    i.shellShowVar      shell.o
    0x08018a18   0x08018a18   0x0000002c   Code   RO        12773    i.shellStringCompare  shell.o
    0x08018a44   0x08018a44   0x00000018   Code   RO        12774    i.shellStringCopy   shell.o
    0x08018a5c   0x08018a5c   0x00000110   Code   RO        12775    i.shellTab          shell.o
    0x08018b6c   0x08018b6c   0x0000002a   Code   RO        12776    i.shellTask         shell.o
    0x08018b96   0x08018b96   0x00000056   Code   RO        12777    i.shellToDec        shell.o
    0x08018bec   0x08018bec   0x00000038   Code   RO        12778    i.shellToHex        shell.o
    0x08018c24   0x08018c24   0x0000000e   Code   RO        12779    i.shellUp           shell.o
    0x08018c32   0x08018c32   0x0000000e   Code   RO        12780    i.shellWriteByte    shell.o
    0x08018c40   0x08018c40   0x0000005c   Code   RO        12781    i.shellWriteCommandDesc  shell.o
    0x08018c9c   0x08018c9c   0x00000068   Code   RO        12783    i.shellWritePrompt  shell.o
    0x08018d04   0x08018d04   0x0000008c   Code   RO        12784    i.shellWriteReturnValue  shell.o
    0x08018d90   0x08018d90   0x00000030   Code   RO        12785    i.shellWriteString  shell.o
    0x08018dc0   0x08018dc0   0x0000001c   Code   RO        13385    i.sum_check         basic_tool.o
    0x08018ddc   0x08018ddc   0x0000005e   Code   RO        11889    i.sys_arch_mbox_fetch  sys_arch.o
    0x08018e3a   0x08018e3a   0x00000030   Code   RO        11890    i.sys_arch_mbox_tryfetch  sys_arch.o
    0x08018e6a   0x08018e6a   0x00000002   PAD
    0x08018e6c   0x08018e6c   0x00000018   Code   RO        11891    i.sys_arch_protect  sys_arch.o
    0x08018e84   0x08018e84   0x0000003e   Code   RO        11892    i.sys_arch_sem_wait  sys_arch.o
    0x08018ec2   0x08018ec2   0x00000002   PAD
    0x08018ec4   0x08018ec4   0x00000014   Code   RO        11893    i.sys_arch_unprotect  sys_arch.o
    0x08018ed8   0x08018ed8   0x00000054   Code   RO        11090    i.sys_check_timeouts  timeouts.o
    0x08018f2c   0x08018f2c   0x00000018   Code   RO        11894    i.sys_init          sys_arch.o
    0x08018f44   0x08018f44   0x00000012   Code   RO        11895    i.sys_mbox_free     sys_arch.o
    0x08018f56   0x08018f56   0x00000002   PAD
    0x08018f58   0x08018f58   0x00000030   Code   RO        11896    i.sys_mbox_new      sys_arch.o
    0x08018f88   0x08018f88   0x00000006   Code   RO        11898    i.sys_mbox_set_invalid  sys_arch.o
    0x08018f8e   0x08018f8e   0x0000001e   Code   RO        11899    i.sys_mbox_trypost  sys_arch.o
    0x08018fac   0x08018fac   0x0000000e   Code   RO        11901    i.sys_mbox_valid    sys_arch.o
    0x08018fba   0x08018fba   0x00000010   Code   RO        11903    i.sys_mutex_lock    sys_arch.o
    0x08018fca   0x08018fca   0x00000020   Code   RO        11904    i.sys_mutex_new     sys_arch.o
    0x08018fea   0x08018fea   0x0000000c   Code   RO        11905    i.sys_mutex_unlock  sys_arch.o
    0x08018ff6   0x08018ff6   0x00000008   Code   RO         1524    i.sys_now           ethernetif.o
    0x08018ffe   0x08018ffe   0x0000000c   Code   RO        11906    i.sys_sem_free      sys_arch.o
    0x0801900a   0x0801900a   0x0000002e   Code   RO        11907    i.sys_sem_new       sys_arch.o
    0x08019038   0x08019038   0x00000006   Code   RO        11908    i.sys_sem_set_invalid  sys_arch.o
    0x0801903e   0x0801903e   0x0000000c   Code   RO        11909    i.sys_sem_signal    sys_arch.o
    0x0801904a   0x0801904a   0x0000000e   Code   RO        11910    i.sys_sem_valid     sys_arch.o
    0x08019058   0x08019058   0x00000036   Code   RO        11911    i.sys_thread_new    sys_arch.o
    0x0801908e   0x0801908e   0x00000002   PAD
    0x08019090   0x08019090   0x000000d0   Code   RO        11092    i.sys_timeout       timeouts.o
    0x08019160   0x08019160   0x00000140   Code   RO        11093    i.sys_timeout_abs   timeouts.o
    0x080192a0   0x080192a0   0x00000028   Code   RO        11094    i.sys_timeouts_init  timeouts.o
    0x080192c8   0x080192c8   0x000000cc   Code   RO        11095    i.sys_timeouts_sleeptime  timeouts.o
    0x08019394   0x08019394   0x000001d4   Code   RO        10506    i.tcp_abandon       tcp.o
    0x08019568   0x08019568   0x0000000e   Code   RO        10507    i.tcp_abort         tcp.o
    0x08019576   0x08019576   0x00000010   Code   RO        10508    i.tcp_accept        tcp.o
    0x08019586   0x08019586   0x00000002   PAD
    0x08019588   0x08019588   0x000000c0   Code   RO        10510    i.tcp_alloc         tcp.o
    0x08019648   0x08019648   0x00000006   Code   RO        10511    i.tcp_arg           tcp.o
    0x0801964e   0x0801964e   0x00000002   PAD
    0x08019650   0x08019650   0x00000170   Code   RO        10512    i.tcp_bind          tcp.o
    0x080197c0   0x080197c0   0x000000b0   Code   RO        10514    i.tcp_close         tcp.o
    0x08019870   0x08019870   0x0000020c   Code   RO        10515    i.tcp_close_shutdown  tcp.o
    0x08019a7c   0x08019a7c   0x000000e8   Code   RO        10516    i.tcp_close_shutdown_fin  tcp.o
    0x08019b64   0x08019b64   0x000001d4   Code   RO        10929    i.tcp_create_segment  tcp_out.o
    0x08019d38   0x08019d38   0x000000d4   Code   RO        10519    i.tcp_eff_send_mss_netif  tcp.o
    0x08019e0c   0x08019e0c   0x000002c0   Code   RO        10930    i.tcp_enqueue_flags  tcp_out.o
    0x0801a0cc   0x0801a0cc   0x000000ac   Code   RO        10520    i.tcp_err           tcp.o
    0x0801a178   0x0801a178   0x0000009c   Code   RO        10521    i.tcp_fasttmr       tcp.o
    0x0801a214   0x0801a214   0x00000094   Code   RO        10522    i.tcp_free          tcp.o
    0x0801a2a8   0x0801a2a8   0x0000015c   Code   RO        10843    i.tcp_free_acked_segments  tcp_in.o
    0x0801a404   0x0801a404   0x0000009c   Code   RO        10523    i.tcp_free_listen   tcp.o
    0x0801a4a0   0x0801a4a0   0x00000014   Code   RO        10524    i.tcp_free_ooseq    tcp.o
    0x0801a4b4   0x0801a4b4   0x00000048   Code   RO        10844    i.tcp_get_next_optbyte  tcp_in.o
    0x0801a4fc   0x0801a4fc   0x00000034   Code   RO        10525    i.tcp_handle_closepend  tcp.o
    0x0801a530   0x0801a530   0x00000018   Code   RO        10526    i.tcp_init          tcp.o
    0x0801a548   0x0801a548   0x00000818   Code   RO        10845    i.tcp_input         tcp_in.o
    0x0801ad60   0x0801ad60   0x000000e8   Code   RO        10846    i.tcp_input_delayed_close  tcp_in.o
    0x0801ae48   0x0801ae48   0x000000dc   Code   RO        10931    i.tcp_keepalive     tcp_out.o
    0x0801af24   0x0801af24   0x00000068   Code   RO        10527    i.tcp_kill_prio     tcp.o
    0x0801af8c   0x0801af8c   0x000000d0   Code   RO        10528    i.tcp_kill_state    tcp.o
    0x0801b05c   0x0801b05c   0x0000003c   Code   RO        10529    i.tcp_kill_timewait  tcp.o
    0x0801b098   0x0801b098   0x000000d4   Code   RO        10530    i.tcp_listen_closed  tcp.o
    0x0801b16c   0x0801b16c   0x000001f4   Code   RO        10847    i.tcp_listen_input  tcp_in.o
    0x0801b360   0x0801b360   0x0000004c   Code   RO        10533    i.tcp_netif_ip_addr_changed  tcp.o
    0x0801b3ac   0x0801b3ac   0x000000d0   Code   RO        10534    i.tcp_netif_ip_addr_changed_pcblist  tcp.o
    0x0801b47c   0x0801b47c   0x00000010   Code   RO        10536    i.tcp_new_ip_type   tcp.o
    0x0801b48c   0x0801b48c   0x00000068   Code   RO        10537    i.tcp_new_port      tcp.o
    0x0801b4f4   0x0801b4f4   0x000000b0   Code   RO        10538    i.tcp_next_iss      tcp.o
    0x0801b5a4   0x0801b5a4   0x0000012c   Code   RO        10848    i.tcp_oos_insert_segment  tcp_in.o
    0x0801b6d0   0x0801b6d0   0x00000364   Code   RO        10932    i.tcp_output        tcp_out.o
    0x0801ba34   0x0801ba34   0x000000dc   Code   RO        10933    i.tcp_output_alloc_header  tcp_out.o
    0x0801bb10   0x0801bb10   0x00000124   Code   RO        10934    i.tcp_output_alloc_header_common  tcp_out.o
    0x0801bc34   0x0801bc34   0x000000fc   Code   RO        10935    i.tcp_output_control_segment  tcp_out.o
    0x0801bd30   0x0801bd30   0x00000124   Code   RO        10936    i.tcp_output_fill_options  tcp_out.o
    0x0801be54   0x0801be54   0x0000024c   Code   RO        10937    i.tcp_output_segment  tcp_out.o
    0x0801c0a0   0x0801c0a0   0x000000b4   Code   RO        10938    i.tcp_output_segment_busy  tcp_out.o
    0x0801c154   0x0801c154   0x00000130   Code   RO        10849    i.tcp_parseopt      tcp_in.o
    0x0801c284   0x0801c284   0x00000178   Code   RO        10939    i.tcp_pbuf_prealloc  tcp_out.o
    0x0801c3fc   0x0801c3fc   0x000000dc   Code   RO        10539    i.tcp_pcb_purge     tcp.o
    0x0801c4d8   0x0801c4d8   0x000001d8   Code   RO        10540    i.tcp_pcb_remove    tcp.o
    0x0801c6b0   0x0801c6b0   0x000000dc   Code   RO        10541    i.tcp_poll          tcp.o
    0x0801c78c   0x0801c78c   0x00000744   Code   RO        10850    i.tcp_process       tcp_in.o
    0x0801ced0   0x0801ced0   0x00000134   Code   RO        10542    i.tcp_process_refused_data  tcp.o
    0x0801d004   0x0801d004   0x00000c7c   Code   RO        10851    i.tcp_receive       tcp_in.o
    0x0801dc80   0x0801dc80   0x000000ac   Code   RO        10543    i.tcp_recv          tcp.o
    0x0801dd2c   0x0801dd2c   0x000000c4   Code   RO        10544    i.tcp_recv_null     tcp.o
    0x0801ddf0   0x0801ddf0   0x0000011c   Code   RO        10545    i.tcp_recved        tcp.o
    0x0801df0c   0x0801df0c   0x000000b4   Code   RO        10546    i.tcp_remove_listener  tcp.o
    0x0801dfc0   0x0801dfc0   0x00000104   Code   RO        10940    i.tcp_rexmit        tcp_out.o
    0x0801e0c4   0x0801e0c4   0x0000010c   Code   RO        10941    i.tcp_rexmit_fast   tcp_out.o
    0x0801e1d0   0x0801e1d0   0x000000a8   Code   RO        10942    i.tcp_rexmit_rto    tcp_out.o
    0x0801e278   0x0801e278   0x000000b8   Code   RO        10943    i.tcp_rexmit_rto_commit  tcp_out.o
    0x0801e330   0x0801e330   0x00000118   Code   RO        10944    i.tcp_rexmit_rto_prepare  tcp_out.o
    0x0801e448   0x0801e448   0x0000001e   Code   RO        10945    i.tcp_route         tcp_out.o
    0x0801e466   0x0801e466   0x00000002   PAD
    0x0801e468   0x0801e468   0x00000128   Code   RO        10946    i.tcp_rst           tcp_out.o
    0x0801e590   0x0801e590   0x000000b4   Code   RO        10547    i.tcp_seg_copy      tcp.o
    0x0801e644   0x0801e644   0x0000001a   Code   RO        10548    i.tcp_seg_free      tcp.o
    0x0801e65e   0x0801e65e   0x00000018   Code   RO        10549    i.tcp_segs_free     tcp.o
    0x0801e676   0x0801e676   0x00000002   PAD
    0x0801e678   0x0801e678   0x00000140   Code   RO        10947    i.tcp_send_empty_ack  tcp_out.o
    0x0801e7b8   0x0801e7b8   0x000000e0   Code   RO        10948    i.tcp_send_fin      tcp_out.o
    0x0801e898   0x0801e898   0x000000ac   Code   RO        10550    i.tcp_sent          tcp.o
    0x0801e944   0x0801e944   0x000000fc   Code   RO        10552    i.tcp_shutdown      tcp.o
    0x0801ea40   0x0801ea40   0x00000734   Code   RO        10553    i.tcp_slowtmr       tcp.o
    0x0801f174   0x0801f174   0x000002d0   Code   RO        10949    i.tcp_split_unsent_seg  tcp_out.o
    0x0801f444   0x0801f444   0x00000038   Code   RO        11097    i.tcp_timer_needed  timeouts.o
    0x0801f47c   0x0801f47c   0x00000144   Code   RO        10852    i.tcp_timewait_input  tcp_in.o
    0x0801f5c0   0x0801f5c0   0x00000024   Code   RO        10555    i.tcp_tmr           tcp.o
    0x0801f5e4   0x0801f5e4   0x00000014   Code   RO        10853    i.tcp_trigger_input_pcb_close  tcp_in.o
    0x0801f5f8   0x0801f5f8   0x00000118   Code   RO        10557    i.tcp_update_rcv_ann_wnd  tcp.o
    0x0801f710   0x0801f710   0x00000824   Code   RO        10950    i.tcp_write         tcp_out.o
    0x0801ff34   0x0801ff34   0x000001b4   Code   RO        10951    i.tcp_write_checks  tcp_out.o
    0x080200e8   0x080200e8   0x00000170   Code   RO        10952    i.tcp_zero_window_probe  tcp_out.o
    0x08020258   0x08020258   0x0000012c   Code   RO         9450    i.tcpip_init        tcpip.o
    0x08020384   0x08020384   0x000000cc   Code   RO         9451    i.tcpip_inpkt       tcpip.o
    0x08020450   0x08020450   0x00000030   Code   RO         9452    i.tcpip_input       tcpip.o
    0x08020480   0x08020480   0x00000020   Code   RO         9453    i.tcpip_send_msg_wait_sem  tcpip.o
    0x080204a0   0x080204a0   0x00000038   Code   RO        11098    i.tcpip_tcp_timer   timeouts.o
    0x080204d8   0x080204d8   0x000000d0   Code   RO         9454    i.tcpip_thread      tcpip.o
    0x080205a8   0x080205a8   0x000000d4   Code   RO         9455    i.tcpip_thread_handle_msg  tcpip.o
    0x0802067c   0x0802067c   0x00000060   Code   RO         9456    i.tcpip_timeouts_mbox_fetch  tcpip.o
    0x080206dc   0x080206dc   0x000000c4   Code   RO         9457    i.tcpip_try_callback  tcpip.o
    0x080207a0   0x080207a0   0x0000001a   Code   RO         9154    i.tryget_socket     sockets.o
    0x080207ba   0x080207ba   0x00000010   Code   RO         9155    i.tryget_socket_unconn  sockets.o
    0x080207ca   0x080207ca   0x00000002   PAD
    0x080207cc   0x080207cc   0x0000001c   Code   RO         9157    i.tryget_socket_unconn_nouse  sockets.o
    0x080207e8   0x080207e8   0x00000124   Code   RO        11177    i.udp_bind          udp_1.o
    0x0802090c   0x0802090c   0x00000018   Code   RO        11181    i.udp_init          udp_1.o
    0x08020924   0x08020924   0x0000024c   Code   RO        11182    i.udp_input         udp_1.o
    0x08020b70   0x08020b70   0x00000138   Code   RO        11183    i.udp_input_local_match  udp_1.o
    0x08020ca8   0x08020ca8   0x00000030   Code   RO        11184    i.udp_netif_ip_addr_changed  udp_1.o
    0x08020cd8   0x08020cd8   0x0000001c   Code   RO        11185    i.udp_new           udp_1.o
    0x08020cf4   0x08020cf4   0x0000000e   Code   RO        11186    i.udp_new_ip_type   udp_1.o
    0x08020d02   0x08020d02   0x00000002   PAD
    0x08020d04   0x08020d04   0x00000058   Code   RO        11187    i.udp_new_port      udp_1.o
    0x08020d5c   0x08020d5c   0x0000009c   Code   RO        11188    i.udp_recv          udp_1.o
    0x08020df8   0x08020df8   0x000000d4   Code   RO        11189    i.udp_remove        udp_1.o
    0x08020ecc   0x08020ecc   0x000000dc   Code   RO        11190    i.udp_send          udp_1.o
    0x08020fa8   0x08020fa8   0x00000144   Code   RO        11191    i.udp_sendto        udp_1.o
    0x080210ec   0x080210ec   0x00000198   Code   RO        11192    i.udp_sendto_if     udp_1.o
    0x08021284   0x08021284   0x000002b4   Code   RO        11193    i.udp_sendto_if_src  udp_1.o
    0x08021538   0x08021538   0x00000028   Code   RO         1667    i.udpecho_init      app_udp.o
    0x08021560   0x08021560   0x000000d4   Code   RO         1668    i.udpecho_thread    app_udp.o
    0x08021634   0x08021634   0x00000036   Code   RO         1233    i.usbprintf         usbd_cdc_if.o
    0x0802166a   0x0802166a   0x00000002   PAD
    0x0802166c   0x0802166c   0x00000090   Code   RO        13149    i.userShellInit     shell_port.o
    0x080216fc   0x080216fc   0x00000018   Code   RO        13150    i.userShellLock     shell_port.o
    0x08021714   0x08021714   0x00000034   Code   RO        13151    i.userShellRead     shell_port.o
    0x08021748   0x08021748   0x00000014   Code   RO        13152    i.userShellUnlock   shell_port.o
    0x0802175c   0x0802175c   0x00000012   Code   RO        13153    i.userShellWrite    shell_port.o
    0x0802176e   0x0802176e   0x00000028   Code   RO         6345    i.uxListRemove      list.o
    0x08021796   0x08021796   0x0000002a   Code   RO         6393    i.uxQueueMessagesWaiting  queue.o
    0x080217c0   0x080217c0   0x00000022   Code   RO         6394    i.uxQueueMessagesWaitingFromISR  queue.o
    0x080217e2   0x080217e2   0x00000002   PAD
    0x080217e4   0x080217e4   0x00000018   Code   RO          483    i.vApplicationGetIdleTaskMemory  freertos.o
    0x080217fc   0x080217fc   0x00000018   Code   RO          484    i.vApplicationGetTimerTaskMemory  freertos.o
    0x08021814   0x08021814   0x00000002   Code   RO          485    i.vApplicationIdleHook  freertos.o
    0x08021816   0x08021816   0x0000001a   Code   RO         6346    i.vListInitialise   list.o
    0x08021830   0x08021830   0x00000006   Code   RO         6347    i.vListInitialiseItem  list.o
    0x08021836   0x08021836   0x00000034   Code   RO         6348    i.vListInsert       list.o
    0x0802186a   0x0802186a   0x00000018   Code   RO         6349    i.vListInsertEnd    list.o
    0x08021882   0x08021882   0x00000002   PAD
    0x08021884   0x08021884   0x00000054   Code   RO         7657    i.vPortEnterCritical  port.o
    0x080218d8   0x080218d8   0x0000003c   Code   RO         7658    i.vPortExitCritical  port.o
    0x08021914   0x08021914   0x000000a4   Code   RO         7600    i.vPortFree         heap_4.o
    0x080219b8   0x080219b8   0x00000028   Code   RO         7659    i.vPortSetupTimerInterrupt  port.o
    0x080219e0   0x080219e0   0x00000078   Code   RO         7660    i.vPortValidateInterruptPriority  port.o
    0x08021a58   0x08021a58   0x0000002c   Code   RO         6396    i.vQueueAddToRegistry  queue.o
    0x08021a84   0x08021a84   0x00000032   Code   RO         6397    i.vQueueDelete      queue.o
    0x08021ab6   0x08021ab6   0x00000002   PAD
    0x08021ab8   0x08021ab8   0x00000030   Code   RO         6398    i.vQueueUnregisterQueue  queue.o
    0x08021ae8   0x08021ae8   0x0000004a   Code   RO         6399    i.vQueueWaitForMessageRestricted  queue.o
    0x08021b32   0x08021b32   0x00000002   PAD
    0x08021b34   0x08021b34   0x0000005c   Code   RO         6765    i.vTaskDelay        tasks.o
    0x08021b90   0x08021b90   0x00000018   Code   RO         6768    i.vTaskInternalSetTimeOutState  tasks.o
    0x08021ba8   0x08021ba8   0x0000000c   Code   RO         6769    i.vTaskMissedYield  tasks.o
    0x08021bb4   0x08021bb4   0x00000038   Code   RO         6771    i.vTaskPlaceOnEventList  tasks.o
    0x08021bec   0x08021bec   0x00000040   Code   RO         6772    i.vTaskPlaceOnEventListRestricted  tasks.o
    0x08021c2c   0x08021c2c   0x000000e4   Code   RO         6774    i.vTaskPriorityDisinheritAfterTimeout  tasks.o
    0x08021d10   0x08021d10   0x000000b8   Code   RO         6779    i.vTaskStartScheduler  tasks.o
    0x08021dc8   0x08021dc8   0x00000010   Code   RO         6781    i.vTaskSuspendAll   tasks.o
    0x08021dd8   0x08021dd8   0x0000008c   Code   RO         6782    i.vTaskSwitchContext  tasks.o
    0x08021e64   0x08021e64   0x00000168   Code   RO         7661    i.xPortStartScheduler  port.o
    0x08021fcc   0x08021fcc   0x0000005c   Code   RO         6400    i.xQueueCreateCountingSemaphore  queue.o
    0x08022028   0x08022028   0x00000064   Code   RO         6401    i.xQueueCreateCountingSemaphoreStatic  queue.o
    0x0802208c   0x0802208c   0x00000022   Code   RO         6402    i.xQueueCreateMutex  queue.o
    0x080220ae   0x080220ae   0x0000002a   Code   RO         6403    i.xQueueCreateMutexStatic  queue.o
    0x080220d8   0x080220d8   0x0000005a   Code   RO         6404    i.xQueueGenericCreate  queue.o
    0x08022132   0x08022132   0x000000e0   Code   RO         6405    i.xQueueGenericCreateStatic  queue.o
    0x08022212   0x08022212   0x00000002   PAD
    0x08022214   0x08022214   0x00000098   Code   RO         6406    i.xQueueGenericReset  queue.o
    0x080222ac   0x080222ac   0x000001a8   Code   RO         6407    i.xQueueGenericSend  queue.o
    0x08022454   0x08022454   0x000000fc   Code   RO         6408    i.xQueueGenericSendFromISR  queue.o
    0x08022550   0x08022550   0x000000e0   Code   RO         6409    i.xQueueGiveFromISR  queue.o
    0x08022630   0x08022630   0x00000048   Code   RO         6410    i.xQueueGiveMutexRecursive  queue.o
    0x08022678   0x08022678   0x00000168   Code   RO         6415    i.xQueueReceive     queue.o
    0x080227e0   0x080227e0   0x000000ca   Code   RO         6416    i.xQueueReceiveFromISR  queue.o
    0x080228aa   0x080228aa   0x00000002   PAD
    0x080228ac   0x080228ac   0x000001b8   Code   RO         6417    i.xQueueSemaphoreTake  queue.o
    0x08022a64   0x08022a64   0x0000004e   Code   RO         6418    i.xQueueTakeMutexRecursive  queue.o
    0x08022ab2   0x08022ab2   0x00000002   PAD
    0x08022ab4   0x08022ab4   0x0000008c   Code   RO         6784    i.xTaskCheckForTimeOut  tasks.o
    0x08022b40   0x08022b40   0x00000064   Code   RO         6785    i.xTaskCreate       tasks.o
    0x08022ba4   0x08022ba4   0x000000ba   Code   RO         6786    i.xTaskCreateStatic  tasks.o
    0x08022c5e   0x08022c5e   0x00000002   PAD
    0x08022c60   0x08022c60   0x0000000c   Code   RO         6789    i.xTaskGetCurrentTaskHandle  tasks.o
    0x08022c6c   0x08022c6c   0x00000020   Code   RO         6790    i.xTaskGetSchedulerState  tasks.o
    0x08022c8c   0x08022c8c   0x0000000c   Code   RO         6791    i.xTaskGetTickCount  tasks.o
    0x08022c98   0x08022c98   0x00000014   Code   RO         6792    i.xTaskGetTickCountFromISR  tasks.o
    0x08022cac   0x08022cac   0x00000148   Code   RO         6793    i.xTaskIncrementTick  tasks.o
    0x08022df4   0x08022df4   0x000000c8   Code   RO         6796    i.xTaskPriorityDisinherit  tasks.o
    0x08022ebc   0x08022ebc   0x000000b8   Code   RO         6797    i.xTaskPriorityInherit  tasks.o
    0x08022f74   0x08022f74   0x00000098   Code   RO         6798    i.xTaskRemoveFromEventList  tasks.o
    0x0802300c   0x0802300c   0x00000104   Code   RO         6799    i.xTaskResumeAll    tasks.o
    0x08023110   0x08023110   0x00000078   Code   RO         7090    i.xTimerCreateTimerTask  timers.o
    0x08023188   0x08023188   0x00000084   Code   RO         7091    i.xTimerGenericCommand  timers.o
    0x0802320c   0x0802320c   0x0000001a   Code   RO        13386    i.xor_check         basic_tool.o
    0x08023226   0x08023226   0x00000002   PAD
    0x08023228   0x08023228   0x000000a8   Data   RO          487    .constdata          freertos.o
    0x080232d0   0x080232d0   0x00000028   Data   RO         1526    .constdata          ethernetif.o
    0x080232f8   0x080232f8   0x0000001c   Data   RO         1746    .constdata          lwip.o
    0x08023314   0x08023314   0x00000008   Data   RO         2480    .constdata          stm32f4xx_hal_dma.o
    0x0802331c   0x0802331c   0x00000018   Data   RO         6209    .constdata          system_stm32f4xx.o
    0x08023334   0x08023334   0x0000000c   Data   RO         8268    .constdata          ethernet.o
    0x08023340   0x08023340   0x00000003   Data   RO         8721    .constdata          api_msg.o
    0x08023343   0x08023343   0x00000001   PAD
    0x08023344   0x08023344   0x00000044   Data   RO         8906    .constdata          err.o
    0x08023388   0x08023388   0x000000d0   Data   RO         9928    .constdata          memp.o
    0x08023458   0x08023458   0x00000050   Data   RO        10558    .constdata          tcp.o
    0x080234a8   0x080234a8   0x0000001c   Data   RO        11099    .constdata          timeouts.o
    0x080234c4   0x080234c4   0x00000008   Data   RO        11564    .constdata          ip4_addr.o
    0x080234cc   0x080234cc   0x00000018   Data   RO        11912    .constdata          sys_arch.o
    0x080234e4   0x080234e4   0x00000080   Data   RO        12787    .constdata          shell.o
    0x08023564   0x08023564   0x0000004e   Data   RO        13155    .constdata          shell_port.o
    0x080235b2   0x080235b2   0x00000081   Data   RO        13697    .constdata          mc_w.l(ctype_o.o)
    0x08023633   0x08023633   0x00000001   PAD
    0x08023634   0x08023634   0x00000004   Data   RO        13698    .constdata          mc_w.l(ctype_o.o)
    0x08023638   0x08023638   0x00000098   Data   RO        14065    .constdata          m_wm.l(atan.o)
    0x080236d0   0x080236d0   0x00000030   Data   RO        14077    .constdata          m_wm.l(cos_i.o)
    0x08023700   0x08023700   0x00000008   Data   RO        14093    .constdata          m_wm.l(qnan.o)
    0x08023708   0x08023708   0x000000c8   Data   RO        14096    .constdata          m_wm.l(rred.o)
    0x080237d0   0x080237d0   0x00000028   Data   RO        14100    .constdata          m_wm.l(sin_i.o)
    0x080237f8   0x080237f8   0x00000055   Data   RO          488    .conststring        freertos.o
    0x0802384d   0x0802384d   0x00000003   PAD
    0x08023850   0x08023850   0x00000006   Data   RO         1527    .conststring        ethernetif.o
    0x08023856   0x08023856   0x00000002   PAD
    0x08023858   0x08023858   0x00000008   Data   RO         1747    .conststring        lwip.o
    0x08023860   0x08023860   0x00000041   Data   RO         9770    .conststring        init.o
    0x080238a1   0x080238a1   0x00000003   PAD
    0x080238a4   0x080238a4   0x00000075   Data   RO        10559    .conststring        tcp.o
    0x08023919   0x08023919   0x00000003   PAD
    0x0802391c   0x0802391c   0x00000055   Data   RO        10953    .conststring        tcp_out.o
    0x08023971   0x08023971   0x00000003   PAD
    0x08023974   0x08023974   0x00000041   Data   RO        11352    .conststring        etharp.o
    0x080239b5   0x080239b5   0x00000003   PAD
    0x080239b8   0x080239b8   0x00000145   Data   RO        12788    .conststring        shell.o
    0x08023afd   0x08023afd   0x00000003   PAD
    0x08023b00   0x08023b00   0x00000040   Data   RO        14179    Region$$Table       anon$$obj.o
    0x08023b40   0x08023b40   0x000000d0   Data   RO        12790    shellCommand        shell.o
    0x08023c10   0x08023c10   0x00000020   Data   RO        13157    shellCommand        shell_port.o


    Execution Region RW_IRAM2 (Exec base: 0x10000000, Load base: 0x08023c94, Size: 0x00003d28, Max: 0x00010000, ABSOLUTE, COMPRESSED[0x00000114])

    Exec Addr    Load Addr    Size         Type   Attr      Idx    E Section Name        Object

    0x10000000   COMPRESSED   0x00000010   Data   RW           17    .data               main.o
    0x10000010   COMPRESSED   0x00000018   Data   RW          489    .data               freertos.o
    0x10000028   COMPRESSED   0x0000004e   Data   RW         1147    .data               usbd_desc.o
    0x10000076   COMPRESSED   0x00000002   PAD
    0x10000078   COMPRESSED   0x00000014   Data   RW         1235    .data               usbd_cdc_if.o
    0x1000008c   COMPRESSED   0x00000018   Data   RW         1748    .data               lwip.o
    0x100000a4   COMPRESSED   0x00000009   Data   RW         2932    .data               stm32f4xx_hal.o
    0x100000ad   COMPRESSED   0x00000003   PAD
    0x100000b0   COMPRESSED   0x00000004   Data   RW         6210    .data               system_stm32f4xx.o
    0x100000b4   COMPRESSED   0x0000000c   Data   RW         7662    .data               port.o
    0x100000c0   COMPRESSED   0x00000010   Data   RW         9847    .data               mem.o
    0x100000d0   COMPRESSED   0x00000020   Data   RW        10560    .data               tcp.o
    0x100000f0   COMPRESSED   0x00000028   Data   RW        10855    .data               tcp_in.o
    0x10000118   COMPRESSED   0x00000008   Data   RW        11194    .data               udp_1.o
    0x10000120   COMPRESSED   0x00000001   Data   RW        11353    .data               etharp.o
    0x10000121   COMPRESSED   0x00000001   PAD
    0x10000122   COMPRESSED   0x00000002   Data   RW        11508    .data               ip4.o
    0x10000124   COMPRESSED   0x00000006   Data   RW        11636    .data               ip4_frag.o
    0x1000012a   COMPRESSED   0x00000002   PAD
    0x1000012c   COMPRESSED   0x0000008a   Data   RW        12642    .data               usbd_cdc.o
    0x100001b6   COMPRESSED   0x00000002   PAD
    0x100001b8   COMPRESSED   0x00000052   Data   RW        12789    .data               shell.o
    0x1000020a   COMPRESSED   0x00000002   PAD
    0x1000020c   COMPRESSED   0x00000004   Data   RW        13156    .data               shell_port.o
    0x10000210   COMPRESSED   0x00000004   Data   RW        14123    .data               mc_w.l(stdout.o)
    0x10000214   COMPRESSED   0x00000004   Data   RW        14133    .data               mc_w.l(mvars.o)
    0x10000218        -       0x000006c8   Zero   RW          486    .bss                freertos.o
    0x100008e0        -       0x00000054   Zero   RW          688    .bss                i2c.o
    0x10000934        -       0x00000640   Zero   RW          752    .bss                usart.o
    0x10000f74        -       0x00000800   Zero   RW         1234    .bss                usbd_cdc_if.o
    0x10001774        -       0x00000034   Zero   RW         1745    .bss                lwip.o
    0x100017a8        -       0x00000040   Zero   RW         6419    .bss                queue.o
    0x100017e8        -       0x000000f0   Zero   RW         6801    .bss                tasks.o
    0x100018d8        -       0x000000e8   Zero   RW         7096    .bss                timers.o
    0x100019c0        -       0x00000040   Zero   RW         9158    .bss                sockets.o
    0x10001a00        -       0x000000f0   Zero   RW        11351    .bss                etharp.o
    0x10001af0        -       0x00000231   Zero   RW        13227    .bss                gx_aa55_frame.o
    0x10001d21   COMPRESSED   0x00000007   PAD
    0x10001d28        -       0x00002000   Zero   RW            1    STACK               startup_stm32f429xx.o


    Execution Region RW_IRAM1 (Exec base: 0x20000000, Load base: 0x08023c30, Size: 0x00023d20, Max: 0x00030000, ABSOLUTE, COMPRESSED[0x00000064])

    Exec Addr    Load Addr    Size         Type   Attr      Idx    E Section Name        Object

    0x20000000   COMPRESSED   0x00000004   Data   RW          614    .data               can.o
    0x20000004   COMPRESSED   0x00000024   Data   RW         1528    .data               ethernetif.o
    0x20000028   COMPRESSED   0x00000001   Data   RW         1669    .data               app_udp.o
    0x20000029   COMPRESSED   0x00000003   PAD
    0x2000002c   COMPRESSED   0x0000003c   Data   RW         6802    .data               tasks.o
    0x20000068   COMPRESSED   0x00000014   Data   RW         7097    .data               timers.o
    0x2000007c   COMPRESSED   0x00000020   Data   RW         7606    .data               heap_4.o
    0x2000009c   COMPRESSED   0x00000004   Data   RW         9159    .data               sockets.o
    0x200000a0   COMPRESSED   0x00000010   Data   RW         9458    .data               tcpip.o
    0x200000b0   COMPRESSED   0x00000034   Data   RW         9929    .data               memp.o
    0x200000e4   COMPRESSED   0x00000009   Data   RW        10049    .data               netif.o
    0x200000ed   COMPRESSED   0x00000001   Data   RW        10247    .data               pbuf.o
    0x200000ee   COMPRESSED   0x00000002   PAD
    0x200000f0   COMPRESSED   0x0000000c   Data   RW        11100    .data               timeouts.o
    0x200000fc   COMPRESSED   0x00000008   Data   RW        11913    .data               sys_arch.o
    0x20000104   COMPRESSED   0x00000001   Data   RW        12479    .data               usbd_ctlreq.o
    0x20000105   COMPRESSED   0x000000e7   Data   RW        13228    .data               gx_aa55_frame.o
    0x200001ec   COMPRESSED   0x0000006c   Data   RW        13310    .data               gx_can_frame.o
    0x20000258   COMPRESSED   0x00000004   Data   RW        13725    .data               mc_w.l(rand.o)
    0x2000025c   COMPRESSED   0x00000004   Data   RW        14132    .data               mc_w.l(mvars.o)
    0x20000260   COMPRESSED   0x00000004   Data   RW        14137    .data               mc_w.l(errno.o)
    0x20000264        -       0x00000050   Zero   RW          613    .bss                can.o
    0x200002b4        -       0x00000048   Zero   RW         1062    .bss                stm32f4xx_hal_timebase_tim.o
    0x200002fc        -       0x000002dc   Zero   RW         1099    .bss                usb_device.o
    0x200005d8        -       0x00000200   Zero   RW         1146    .bss                usbd_desc.o
    0x200007d8        -       0x0000072c   Zero   RW         1328    .bss                usbd_conf.o
    0x20000f04        -       0x00004bcc   Zero   RW         1525    .bss                ethernetif.o
    0x20005ad0        -       0x000186a0   Zero   RW         7605    .bss                heap_4.o
    0x2001e170        -       0x00000018   Zero   RW         9813    .bss                ip.o
    0x2001e188        -       0x00000653   Zero   RW         9846    .bss                mem.o
    0x2001e7db        -       0x0000308b   Zero   RW         9927    .bss                memp.o
    0x20021866   COMPRESSED   0x00000002   PAD
    0x20021868        -       0x00000010   Zero   RW        10854    .bss                tcp_in.o
    0x20021878        -       0x0000001d   Zero   RW        12786    .bss                shell.o
    0x20021895   COMPRESSED   0x00000003   PAD
    0x20021898        -       0x0000027c   Zero   RW        13154    .bss                shell_port.o
    0x20021b14        -       0x000000f0   Zero   RW        13309    .bss                gx_can_frame.o
    0x20021c04        -       0x000010c8   Zero   RW        13513    .bss                nc60_com.o
    0x20022ccc        -       0x00000054   Zero   RW        13608    .bss                gx_ctrl.o
    0x20022d20        -       0x00001000   Zero   RW            2    HEAP                startup_stm32f429xx.o


==============================================================================

Image component sizes


      Code (inc. data)   RO Data    RW Data    ZI Data      Debug   Object Name

      3438       1688          0          0          0      41855   api_lib.o
      7166       2816          3          0          0      37899   api_msg.o
       484        166          0          1          0      12234   app_udp.o
         0          0          0          0          0       2180   auth.o
        54          0          0          0          0       1732   basic_tool.o
         0          0          0          0          0       6467   bridgeif.o
       560         42          0          4         80       2538   can.o
      1046         26          0          0          0      38644   cmsis_os.o
        38          0          0          0          0       1130   def.o
       248          6          0          0          0        878   dma.o
        32          6         68          0          0       3647   err.o
      3820       1206         65          1        240      12239   etharp.o
       456        154         12          0          0       2738   ethernet.o
      1864        254         46         36      19404      23571   ethernetif.o
         0          0          0          0          0      19880   event_groups.o
       556         82        253         24       1736      12302   freertos.o
       428         26          0          0          0       1151   gpio.o
      1544        162          0        231        561      24689   gx_aa55_frame.o
       584        110          0        108        240       4418   gx_can_frame.o
       996         70          0          0         84       2841   gx_ctrl.o
       724         76          0         32     100000       4851   heap_4.o
       686         40          0          0         84       4185   i2c.o
       944        352          0          0          0       4690   icmp.o
       160         92         65          0          0      10111   init.o
         0          0          0          0         24       3214   ip.o
      1078        184          0          2          0       5628   ip4.o
       602        118          8          0          0      11405   ip4_addr.o
      3562       1192          0          6          0      12518   ip4_frag.o
       502          0          0          0          0       2818   lan8742.o
       148          0          0          0          0      12714   list.o
       686         78         36         24         52       6497   lwip.o
       348         38          0         16          0     870384   main.o
      2656       1098          0         16       1619       8641   mem.o
      1128        720        208         52      12427      12396   memp.o
       610        142          0          0       4296       4397   nc60_com.o
       412        238          0          0          0      11351   netbuf.o
      2076        998          0          9          0      16090   netif.o
      4096       1802          0          1          0      18665   pbuf.o
      1014         94          0         12          0      12005   port.o
      3516         30          0          0         64      32397   queue.o
      4206        206        661         82         29      41752   shell.o
       952         12          0          0          0       7394   shell_ext.o
       566        170        110          4        636      11750   shell_port.o
      4330       1190          0          4         64      41889   sockets.o
        36          8        428          0      12288        832   startup_stm32f429xx.o
       136         24          0          9          0       8850   stm32f4xx_hal.o
      2134          6          0          0          0      14263   stm32f4xx_hal_can.o
       252         22          0          0          0      33662   stm32f4xx_hal_cortex.o
      1436         16          8          0          0       7002   stm32f4xx_hal_dma.o
      3594         76          0          0          0      20904   stm32f4xx_hal_eth.o
       560         54          0          0          0       2765   stm32f4xx_hal_gpio.o
      3304         56          0          0          0      13485   stm32f4xx_hal_i2c.o
       156          0          0          0          0       1907   stm32f4xx_hal_i2c_ex.o
       100          6          0          0          0        862   stm32f4xx_hal_msp.o
      3604         16          0          0          0      13780   stm32f4xx_hal_pcd.o
        90          0          0          0          0       2421   stm32f4xx_hal_pcd_ex.o
      1888         94          0          0          0       6249   stm32f4xx_hal_rcc.o
       902         76          0          0          0       6438   stm32f4xx_hal_tim.o
         4          0          0          0          0       1561   stm32f4xx_hal_tim_ex.o
       160         20          0          0         72       1423   stm32f4xx_hal_timebase_tim.o
      2720         26          0          0          0      14944   stm32f4xx_hal_uart.o
       408        144          0          0          0      15240   stm32f4xx_it.o
      4246         98          0          0          0      23583   stm32f4xx_ll_usb.o
         0          0          0          0          0        392   stream_buffer.o
       592         28         24          8          0      19516   sys_arch.o
        20          6         24          4          0       1123   system_stm32f4xx.o
      3338        388          0         60        240      31138   tasks.o
      8966       4054        197         32          0      42382   tcp.o
      9228       2264          0         40         16      22963   tcp_in.o
     10098       4076         85          0          0      33806   tcp_out.o
      1296        686          0         16          0       8878   tcpip.o
      1048        492         28         12          0       7551   timeouts.o
      1274        124          0         20        232      30547   timers.o
      3406       1532          0          8          0      13669   udp_1.o
      2368        208          0          0       1600       7486   usart.o
        76         16          0          0        732       2579   usb_device.o
      1790         54          0        138          0      14233   usbd_cdc.o
       298         26          0         20       2048       5708   usbd_cdc_if.o
      1004         24          0          0       1836      17548   usbd_conf.o
      1346          0          0          0          0      16481   usbd_core.o
      2342         30          0          1          0      17804   usbd_ctlreq.o
       386        122          0         78        512       8089   usbd_desc.o
       174          0          0          0          0       4696   usbd_ioreq.o

    ----------------------------------------------------------------------
    133224      30556       2414       1128     161228    1917535   Object Totals
         0          0         64          0          0          0   (incl. Generated)
       128          0         21         17         12          0   (incl. Padding)

    ----------------------------------------------------------------------

      Code (inc. data)   RO Data    RW Data    ZI Data      Debug   Library Member Name

       744        106        152          0          0        352   atan.o
       512         64          0          0          0        208   atan2.o
       200         20          0          0          0        164   cos.o
       368         46         48          0          0        200   cos_i.o
       104         16          0          0          0        496   dunder.o
        44          0          0          0          0        248   fabs.o
        48          0          0          0          0        124   fpclassify.o
       248          0          0          0          0        152   poly.o
         0          0          8          0          0          0   qnan.o
      1080        142        200          0          0        188   rred.o
       200         20          0          0          0        164   sin.o
       304         24         40          0          0        208   sin_i.o
       122          0          0          0          0        148   sqrt.o
        56          8          0          0          0         84   __0sscanf.o
        86          0          0          0          0          0   __dczerorl2.o
        28          0          0          0          0         68   _chval.o
       816          6          0          0          0        112   _scanf.o
       332          0          0          0          0         96   _scanf_int.o
        64          0          0          0          0         84   _sgetc.o
         8          4        133          0          0         68   ctype_o.o
         0          0          0          0          0          0   entry.o
         0          0          0          0          0          0   entry10a.o
         0          0          0          0          0          0   entry11a.o
         4          0          0          0          0          0   entry12b.o
         8          4          0          0          0          0   entry2.o
         4          0          0          0          0          0   entry5.o
         0          0          0          0          0          0   entry7b.o
         0          0          0          0          0          0   entry8b.o
         8          4          0          0          0          0   entry9a.o
        12          6          0          4          0         68   errno.o
        18          0          0          0          0         80   fputc.o
        30          0          0          0          0          0   handlers.o
        36          8          0          0          0         68   init.o
        18          0          0          0          0         76   isspace_o.o
         0          0          0          0          0          0   iusefp.o
         0          0          0          0          0          0   iusesemip.o
        30          0          0          0          0         68   llshl.o
        36          0          0          0          0         68   llsshr.o
        32          0          0          0          0         68   llushr.o
       188         20          0          0          0        160   malloc.o
        26          0          0          0          0         80   memcmp.o
        64          0          0          0          0         76   memmovea.o
        36          0          0          0          0        108   memseta.o
         0          0          0          8          0          0   mvars.o
      2378        108          0          0          0        844   printfa.o
        36         10          0          4          0        136   rand.o
        40          8          0          0          0         84   scanf_char.o
         0          0          0          0          0          0   semi.o
         0          0          0          4          0          0   stdout.o
        28          0          0          0          0         76   strcmp.o
        14          0          0          0          0         68   strlen.o
        30          0          0          0          0         80   strncmp.o
        44          0          0          0          0         80   uidiv.o
        98          0          0          0          0         92   uldiv.o
        48          0          0          0          0         68   cdcmple.o
        48          0          0          0          0         68   cdrcmple.o
        56          0          0          0          0         88   d2f.o
       334          0          0          0          0        148   dadd.o
       222          0          0          0          0        100   ddiv.o
       186          0          0          0          0        176   depilogue.o
        62          0          0          0          0         80   dfixi.o
        50          0          0          0          0         76   dfixui.o
        48          0          0          0          0         68   dfixul.o
        34          0          0          0          0         76   dflti.o
        26          0          0          0          0         76   dfltui.o
       228          0          0          0          0         96   dmul.o
       162          0          0          0          0        100   dsqrt.o
        38          0          0          0          0         68   f2d.o
       110          0          0          0          0        168   fepilogue.o

    ----------------------------------------------------------------------
     10260        624        582         20          0       7000   Library Totals
        26          0          1          0          0          0   (incl. Padding)

    ----------------------------------------------------------------------

      Code (inc. data)   RO Data    RW Data    ZI Data      Debug   Library Name

      3974        438        448          0          0       2652   m_wm.l
      4608        186        133         20          0       2892   mc_w.l
      1652          0          0          0          0       1456   mf_w.l

    ----------------------------------------------------------------------
     10260        624        582         20          0       7000   Library Totals

    ----------------------------------------------------------------------

==============================================================================


      Code (inc. data)   RO Data    RW Data    ZI Data      Debug   

    143484      31180       2996       1148     161228    1838075   Grand Totals
    143484      31180       2996        376     161228    1838075   ELF Image Totals (compressed)
    143484      31180       2996        376          0          0   ROM Totals

==============================================================================

    Total RO  Size (Code + RO Data)               146480 ( 143.05kB)
    Total RW  Size (RW Data + ZI Data)            162376 ( 158.57kB)
    Total ROM Size (Code + RO Data + RW Data)     146856 ( 143.41kB)

==============================================================================

